<html>
<body>
<pre>
<h1>µVision Build Log</h1>
<h2>Tool Versions:</h2>
IDE-Version: ¦ÌVision V5.32.0.0
Copyright (C) 2020 ARM Ltd and ARM Germany GmbH. All rights reserved.
License Information: hu 8613816337339, hu, LIC=8VRJ7-EJBJU-HLWCL-0KVIT-0GQ9G-ZB77C
 
Tool Versions:
Toolchain:       MDK-ARM Plus  Version: 5.32.0.0
Toolchain Path:  D:\Program Files (x86)\Keil5\CORE\ARM\ARMCLANG\Bin
C Compiler:      ArmClang.exe V6.14.1
Assembler:       Armasm.exe V6.14.1
Linker/Locator:  ArmLink.exe V6.14.1
Library Manager: ArmAr.exe V6.14.1
Hex Converter:   FromElf.exe V6.14.1
CPU DLL:         SARMCM3.DLL V5.32.0.0
Dialog DLL:      DCM.DLL V1.17.3.0
Target DLL:      STLink\ST-LINKIII-KEIL_SWO.dll V3.0.8.0
Dialog DLL:      TCM.DLL V1.46.0.0
 
<h2>Project:</h2>
D:\D_DISK_RESTORE\cubemx_project_test\H750\SPD2010_H750_MDMA\MDK-ARM\QSPI_LCD.uvprojx
Project File Date:  07/20/2024

<h2>Output:</h2>
*** Using Compiler 'V6.14.1', folder: 'D:\Program Files (x86)\Keil5\CORE\ARM\ARMCLANG\Bin'
Build target 'QSPI_LCD'
compiling main.c...
linking...
Program Size: Code=198316 RO-data=411432 RW-data=71040 ZI-data=71728  
FromELF: creating hex file...
"QSPI_LCD\QSPI_LCD.axf" - 0 Error(s), 0 Warning(s).

<h2>Software Packages used:</h2>

Package Vendor: ARM
                http://www.keil.com/pack/ARM.CMSIS.5.7.0.pack
                ARM.CMSIS.5.7.0
                CMSIS (Cortex Microcontroller Software Interface Standard)
   * Component: CORE Version: 5.4.0

Package Vendor: Keil
                https://www.keil.com/pack/Keil.STM32H7xx_DFP.3.1.1.pack
                Keil.STM32H7xx_DFP.3.1.1
                STMicroelectronics STM32H7 Series Device Support and Examples

<h2>Collection of Component include folders:</h2>
  .\RTE\_QSPI_LCD
  D:\Program Files (x86)\Keil5\PACK\ARM\CMSIS\5.7.0\CMSIS\Core\Include
  D:\Program Files (x86)\Keil5\PACK\Keil\STM32H7xx_DFP\3.1.1\Drivers\CMSIS\Device\ST\STM32H7xx\Include

<h2>Collection of Component Files used:</h2>

   * Component: ARM::CMSIS:CORE:5.4.0
      Include file:  CMSIS\Core\Include\tz_context.h
Build Time Elapsed:  00:00:05
</pre>
</body>
</html>
