<html>
<body>
<pre>
<h1>µVision Build Log</h1>
<h2>Tool Versions:</h2>
IDE-Version: ¦ÌVision V5.32.0.0
Copyright (C) 2020 ARM Ltd and ARM Germany GmbH. All rights reserved.
License Information: hu 8613816337339, hu, LIC=8VRJ7-EJBJU-HLWCL-0KVIT-0GQ9G-ZB77C
 
Tool Versions:
Toolchain:       MDK-ARM Plus  Version: 5.32.0.0
Toolchain Path:  D:\Program Files (x86)\Keil5\CORE\ARM\ARMCLANG\Bin
C Compiler:      ArmClang.exe V6.14.1
Assembler:       Armasm.exe V6.14.1
Linker/Locator:  ArmLink.exe V6.14.1
Library Manager: ArmAr.exe V6.14.1
Hex Converter:   FromElf.exe V6.14.1
CPU DLL:         SARMCM3.DLL V5.32.0.0
Dialog DLL:      DCM.DLL V1.17.3.0
Target DLL:      STLink\ST-LINKIII-KEIL_SWO.dll V3.0.8.0
Dialog DLL:      TCM.DLL V1.46.0.0
 
<h2>Project:</h2>
D:\D_DISK_RESTORE\cubemx_project_test\H750\SPD2010_H750_MDMA\MDK-ARM\QSPI_LCD.uvprojx
Project File Date:  06/06/2024

<h2>Output:</h2>
*** Using Compiler 'V6.14.1', folder: 'D:\Program Files (x86)\Keil5\CORE\ARM\ARMCLANG\Bin'
Rebuild target 'QSPI_LCD'
assembling startup_stm32h750xx.s...
compiling gpio.c...
compiling usart.c...
compiling stm32h7xx_hal_tim_ex.c...
compiling stm32h7xx_hal_tim.c...
compiling stm32h7xx_it.c...
compiling stm32h7xx_hal_msp.c...
compiling main.c...
compiling stm32h7xx_hal_cortex.c...
compiling stm32h7xx_hal_uart_ex.c...
compiling stm32h7xx_hal_rcc.c...
compiling stm32h7xx_hal_flash.c...
compiling stm32h7xx_hal_flash_ex.c...
compiling stm32h7xx_hal_uart.c...
compiling stm32h7xx_hal_gpio.c...
compiling stm32h7xx_hal_hsem.c...
compiling stm32h7xx_hal_rcc_ex.c...
compiling stm32h7xx_hal_dma_ex.c...
compiling stm32h7xx_hal_pwr.c...
compiling stm32h7xx_hal.c...
compiling stm32h7xx_hal_pwr_ex.c...
compiling stm32h7xx_hal_mdma.c...
compiling stm32h7xx_hal_dma.c...
compiling stm32h7xx_hal_i2c_ex.c...
compiling stm32h7xx_hal_exti.c...
compiling system_stm32h7xx.c...
compiling QSPI.c...
compiling lcd_init.c...
compiling stm32h7xx_hal_qspi.c...
../HARDWARE/lcd.c(2): warning: In file included from...
../HARDWARE/lcdfont.h(306): warning: illegal character encoding in string literal [-Winvalid-source-encoding]
"<D6><D0>",0x20,0x00,0x20,0x00,0x20,0x00,0xFE,0x03,0x22,0x02,0x22,0x02,0x22,0x02,0xFE,0x03,
 ^~~~~~~~
../HARDWARE/lcdfont.h(308): warning: illegal character encoding in string literal [-Winvalid-source-encoding]
"<BE><B0>",0xFC,0x01,0x04,0x01,0xFC,0x01,0x04,0x01,0xFC,0x01,0x20,0x00,0xFF,0x07,0x04,0x01,
 ^~~~~~~~
../HARDWARE/lcdfont.h(312): warning: illegal character encoding in string literal [-Winvalid-source-encoding]
"<B5><E7>",0x10,0x00,0x10,0x00,0xFF,0x01,0x11,0x01,0x11,0x01,0xFF,0x01,0x11,0x01,0x11,0x01,
 ^~~~~~~~
../HARDWARE/lcdfont.h(314): warning: illegal character encoding in string literal [-Winvalid-source-encoding]
"<D7><D3>",0x00,0x00,0xFC,0x01,0x80,0x00,0x40,0x00,0x20,0x00,0x20,0x00,0xFF,0x07,0x20,0x00,
 ^~~~~~~~
../HARDWARE/lcdfont.h(328): warning: illegal character encoding in string literal [-Winvalid-source-encoding]
"<D6><D0>",0x80,0x00,0x80,0x00,0x80,0x00,0x80,0x00,0xFC,0x1F,0x84,0x10,0x84,0x10,0x84,0x10,
 ^~~~~~~~
../HARDWARE/lcdfont.h(330): warning: illegal character encoding in string literal [-Winvalid-source-encoding]
"<BE><B0>",0xF8,0x0F,0x08,0x08,0xF8,0x0F,0x08,0x08,0xF8,0x0F,0x80,0x00,0xFF,0x7F,0x00,0x00,
 ^~~~~~~~
../HARDWARE/lcdfont.h(334): warning: illegal character encoding in string literal [-Winvalid-source-encoding]
"<B5><E7>",0x80,0x00,0x80,0x00,0x80,0x00,0xFC,0x1F,0x84,0x10,0x84,0x10,0x84,0x10,0xFC,0x1F,
 ^~~~~~~~
../HARDWARE/lcdfont.h(336): warning: illegal character encoding in string literal [-Winvalid-source-encoding]
"<D7><D3>",0x00,0x00,0xFE,0x1F,0x00,0x08,0x00,0x04,0x00,0x02,0x80,0x01,0x80,0x00,0xFF,0x7F,
 ^~~~~~~~
../HARDWARE/lcdfont.h(350): warning: illegal character encoding in string literal [-Winvalid-source-encoding]
"<D6><D0>",0x00,0x00,0x00,0x00,0x00,0x00,0x00,0x18,0x00,0x00,0x08,0x00,0x00,0x08,0x00,0x00,
 ^~~~~~~~
../HARDWARE/lcdfont.h(356): warning: illegal character encoding in string literal [-Winvalid-source-encoding]
"<BE><B0>",0x00,0x00,0x00,0x00,0x00,0x00,0x40,0x00,0x06,0xC0,0xFF,0x07,0x40,0x00,0x06,0xC0,
 ^~~~~~~~
../HARDWARE/lcdfont.h(368): warning: illegal character encoding in string literal [-Winvalid-source-encoding]
"<B5><E7>",0x00,0x00,0x00,0x00,0x00,0x00,0x00,0x18,0x00,0x00,0x08,0x00,0x00,0x08,0x00,0x00,
 ^~~~~~~~
../HARDWARE/lcdfont.h(374): warning: illegal character encoding in string literal [-Winvalid-source-encoding]
"<D7><D3>",0x00,0x00,0x00,0x00,0x00,0x00,0x00,0x00,0x04,0xF0,0xFF,0x0F,0x00,0x00,0x06,0x00,
 ^~~~~~~~
../HARDWARE/lcdfont.h(392): warning: illegal character encoding in string literal [-Winvalid-source-encoding]
"<D6><D0>",0x00,0x00,0x00,0x00,0x00,0x00,0x00,0x00,0x00,0x80,0x00,0x00,0x00,0x80,0x01,0x00,
 ^~~~~~~~
../HARDWARE/lcdfont.h(400): warning: illegal character encoding in string literal [-Winvalid-source-encoding]
"<BE><B0>",0x00,0x00,0x00,0x00,0x00,0x00,0x00,0x00,0x00,0x00,0x00,0x00,0x00,0x01,0x80,0x01,
 ^~~~~~~~
../HARDWARE/lcdfont.h(416): warning: illegal character encoding in string literal [-Winvalid-source-encoding]
"<B5><E7>",0x00,0x00,0x00,0x00,0x00,0x00,0x00,0x00,0x00,0xC0,0x00,0x00,0x00,0xC0,0x01,0x00,
 ^~~~~~~~
../HARDWARE/lcdfont.h(424): warning: illegal character encoding in string literal [-Winvalid-source-encoding]
"<D7><D3>",0x00,0x00,0x00,0x00,0x00,0x00,0x00,0x00,0x00,0x00,0x00,0x00,0x00,0x00,0x00,0x03,
 ^~~~~~~~
16 warnings generated.
compiling lcd.c...
compiling stm32h7xx_hal_i2c.c...
linking...
Program Size: Code=19852 RO-data=752 RW-data=344996 ZI-data=1508  
FromELF: creating hex file...
"QSPI_LCD\QSPI_LCD.axf" - 0 Error(s), 16 Warning(s).

<h2>Software Packages used:</h2>

Package Vendor: ARM
                http://www.keil.com/pack/ARM.CMSIS.5.7.0.pack
                ARM.CMSIS.5.7.0
                CMSIS (Cortex Microcontroller Software Interface Standard)
   * Component: CORE Version: 5.4.0

Package Vendor: Keil
                https://www.keil.com/pack/Keil.STM32H7xx_DFP.3.1.1.pack
                Keil.STM32H7xx_DFP.3.1.1
                STMicroelectronics STM32H7 Series Device Support and Examples

<h2>Collection of Component include folders:</h2>
  .\RTE\_QSPI_LCD
  D:\Program Files (x86)\Keil5\PACK\ARM\CMSIS\5.7.0\CMSIS\Core\Include
  D:\Program Files (x86)\Keil5\PACK\Keil\STM32H7xx_DFP\3.1.1\Drivers\CMSIS\Device\ST\STM32H7xx\Include

<h2>Collection of Component Files used:</h2>

   * Component: ARM::CMSIS:CORE:5.4.0
      Include file:  CMSIS\Core\Include\tz_context.h
Build Time Elapsed:  00:00:03
</pre>
</body>
</html>
