Component: ARM Compiler 6.14.1 Tool: armlink [5db06d00]

==============================================================================

Section Cross References

    startup_stm32h750xx.o(RESET) refers to startup_stm32h750xx.o(STACK) for __initial_sp
    startup_stm32h750xx.o(RESET) refers to startup_stm32h750xx.o(.text) for Reset_Handler
    startup_stm32h750xx.o(RESET) refers to stm32h7xx_it.o(.text.NMI_Handler) for NMI_Handler
    startup_stm32h750xx.o(RESET) refers to stm32h7xx_it.o(.text.HardFault_Handler) for HardFault_Handler
    startup_stm32h750xx.o(RESET) refers to stm32h7xx_it.o(.text.MemManage_Handler) for MemManage_Handler
    startup_stm32h750xx.o(RESET) refers to stm32h7xx_it.o(.text.BusFault_Handler) for BusFault_Handler
    startup_stm32h750xx.o(RESET) refers to stm32h7xx_it.o(.text.UsageFault_Handler) for UsageFault_Handler
    startup_stm32h750xx.o(RESET) refers to stm32h7xx_it.o(.text.SVC_Handler) for SVC_Handler
    startup_stm32h750xx.o(RESET) refers to stm32h7xx_it.o(.text.DebugMon_Handler) for DebugMon_Handler
    startup_stm32h750xx.o(RESET) refers to stm32h7xx_it.o(.text.PendSV_Handler) for PendSV_Handler
    startup_stm32h750xx.o(RESET) refers to stm32h7xx_it.o(.text.SysTick_Handler) for SysTick_Handler
    startup_stm32h750xx.o(RESET) refers to stm32h7xx_it.o(.text.USART1_IRQHandler) for USART1_IRQHandler
    startup_stm32h750xx.o(RESET) refers to stm32h7xx_it.o(.text.QUADSPI_IRQHandler) for QUADSPI_IRQHandler
    startup_stm32h750xx.o(RESET) refers to stm32h7xx_it.o(.text.MDMA_IRQHandler) for MDMA_IRQHandler
    startup_stm32h750xx.o(.text) refers to system_stm32h7xx.o(.text.SystemInit) for SystemInit
    startup_stm32h750xx.o(.text) refers to entry.o(.ARM.Collect$$$$00000000) for __main
    main.o(.ARM.exidx.text.CPU_CACHE_Enable) refers to main.o(.text.CPU_CACHE_Enable) for [Anonymous Symbol]
    main.o(.text.main) refers to main.o(.text.MPU_Config) for MPU_Config
    main.o(.text.main) refers to stm32h7xx_hal.o(.text.HAL_Init) for HAL_Init
    main.o(.text.main) refers to main.o(.text.CPU_CACHE_Enable) for CPU_CACHE_Enable
    main.o(.text.main) refers to main.o(.text.SystemClock_Config) for SystemClock_Config
    main.o(.text.main) refers to gpio.o(.text.MX_GPIO_Init) for MX_GPIO_Init
    main.o(.text.main) refers to qspi.o(.text.QSPI_GPIOInit) for QSPI_GPIOInit
    main.o(.text.main) refers to qspi.o(.text.QSPI_Init) for QSPI_Init
    main.o(.text.main) refers to usart.o(.text.MX_USART1_UART_Init) for MX_USART1_UART_Init
    main.o(.text.main) refers to lcd_init.o(.text.LCD_Init) for LCD_Init
    main.o(.text.main) refers to main.o(.rodata.gImage_2) for gImage_2
    main.o(.text.main) refers to lcd.o(.text.LCD_ShowPicture232) for LCD_ShowPicture232
    main.o(.text.main) refers to lcd.o(.text.LCD_ShowString) for LCD_ShowString
    main.o(.text.main) refers to stm32h7xx_hal.o(.text.HAL_Delay) for HAL_Delay
    main.o(.text.main) refers to lcd.o(.text.LCD_Fill1) for LCD_Fill1
    main.o(.text.main) refers to main.o(.rodata.gImage_1) for gImage_1
    main.o(.text.main) refers to printfb.o(i.__0printf$bare) for __2printf
    main.o(.ARM.exidx.text.main) refers to main.o(.text.main) for [Anonymous Symbol]
    main.o(.text.MPU_Config) refers to stm32h7xx_hal_cortex.o(.text.HAL_MPU_Disable) for HAL_MPU_Disable
    main.o(.text.MPU_Config) refers to stm32h7xx_hal_cortex.o(.text.HAL_MPU_ConfigRegion) for HAL_MPU_ConfigRegion
    main.o(.text.MPU_Config) refers to stm32h7xx_hal_cortex.o(.text.HAL_MPU_Enable) for HAL_MPU_Enable
    main.o(.ARM.exidx.text.MPU_Config) refers to main.o(.text.MPU_Config) for [Anonymous Symbol]
    main.o(.text.SystemClock_Config) refers to memseta.o(.text) for __aeabi_memclr4
    main.o(.text.SystemClock_Config) refers to stm32h7xx_hal_pwr_ex.o(.text.HAL_PWREx_ConfigSupply) for HAL_PWREx_ConfigSupply
    main.o(.text.SystemClock_Config) refers to stm32h7xx_hal_rcc.o(.text.HAL_RCC_OscConfig) for HAL_RCC_OscConfig
    main.o(.text.SystemClock_Config) refers to stm32h7xx_hal_rcc.o(.text.HAL_RCC_ClockConfig) for HAL_RCC_ClockConfig
    main.o(.text.SystemClock_Config) refers to stm32h7xx_hal.o(.text.HAL_EnableCompensationCell) for HAL_EnableCompensationCell
    main.o(.text.SystemClock_Config) refers to main.o(.text.Error_Handler) for Error_Handler
    main.o(.ARM.exidx.text.SystemClock_Config) refers to main.o(.text.SystemClock_Config) for [Anonymous Symbol]
    main.o(.ARM.exidx.text.Error_Handler) refers to main.o(.text.Error_Handler) for [Anonymous Symbol]
    gpio.o(.text.MX_GPIO_Init) refers to stm32h7xx_hal_gpio.o(.text.HAL_GPIO_WritePin) for HAL_GPIO_WritePin
    gpio.o(.text.MX_GPIO_Init) refers to stm32h7xx_hal_gpio.o(.text.HAL_GPIO_Init) for HAL_GPIO_Init
    gpio.o(.ARM.exidx.text.MX_GPIO_Init) refers to gpio.o(.text.MX_GPIO_Init) for [Anonymous Symbol]
    usart.o(.text.fputc) refers to usart.o(.bss.huart1) for huart1
[...]
    Removing stm32h7xx_hal_qspi.o(.text.HAL_QSPI_Receive_DMA), (302 bytes).
    Removing stm32h7xx_hal_qspi.o(.ARM.exidx.text.HAL_QSPI_Receive_DMA), (8 bytes).
    Removing stm32h7xx_hal_qspi.o(.text.QSPI_DMARxCplt), (18 bytes).
    Removing stm32h7xx_hal_qspi.o(.ARM.exidx.text.QSPI_DMARxCplt), (8 bytes).
    Removing stm32h7xx_hal_qspi.o(.text.HAL_QSPI_AutoPolling), (164 bytes).
    Removing stm32h7xx_hal_qspi.o(.ARM.exidx.text.HAL_QSPI_AutoPolling), (8 bytes).
    Removing stm32h7xx_hal_qspi.o(.text.HAL_QSPI_AutoPolling_IT), (162 bytes).
    Removing stm32h7xx_hal_qspi.o(.ARM.exidx.text.HAL_QSPI_AutoPolling_IT), (8 bytes).
    Removing stm32h7xx_hal_qspi.o(.text.HAL_QSPI_MemoryMapped), (134 bytes).
    Removing stm32h7xx_hal_qspi.o(.ARM.exidx.text.HAL_QSPI_MemoryMapped), (8 bytes).
    Removing stm32h7xx_hal_qspi.o(.text.HAL_QSPI_GetState), (6 bytes).
    Removing stm32h7xx_hal_qspi.o(.ARM.exidx.text.HAL_QSPI_GetState), (8 bytes).
    Removing stm32h7xx_hal_qspi.o(.text.HAL_QSPI_GetError), (4 bytes).
    Removing stm32h7xx_hal_qspi.o(.ARM.exidx.text.HAL_QSPI_GetError), (8 bytes).
    Removing stm32h7xx_hal_qspi.o(.text.HAL_QSPI_Abort), (152 bytes).
    Removing stm32h7xx_hal_qspi.o(.ARM.exidx.text.HAL_QSPI_Abort), (8 bytes).
    Removing stm32h7xx_hal_qspi.o(.ARM.exidx.text.HAL_QSPI_Abort_IT), (8 bytes).
    Removing stm32h7xx_hal_qspi.o(.text.HAL_QSPI_SetFifoThreshold), (64 bytes).
    Removing stm32h7xx_hal_qspi.o(.ARM.exidx.text.HAL_QSPI_SetFifoThreshold), (8 bytes).
    Removing stm32h7xx_hal_qspi.o(.text.HAL_QSPI_GetFifoThreshold), (12 bytes).
    Removing stm32h7xx_hal_qspi.o(.ARM.exidx.text.HAL_QSPI_GetFifoThreshold), (8 bytes).
    Removing stm32h7xx_hal_qspi.o(.text.HAL_QSPI_SetFlashID), (56 bytes).
    Removing stm32h7xx_hal_qspi.o(.ARM.exidx.text.HAL_QSPI_SetFlashID), (8 bytes).
    Removing system_stm32h7xx.o(.text), (0 bytes).
    Removing system_stm32h7xx.o(.ARM.exidx.text.SystemInit), (8 bytes).
    Removing system_stm32h7xx.o(.text.SystemCoreClockUpdate), (320 bytes).
    Removing system_stm32h7xx.o(.ARM.exidx.text.SystemCoreClockUpdate), (8 bytes).
    Removing qspi.o(.text), (0 bytes).
    Removing qspi.o(.ARM.exidx.text.QSPI_GPIOInit), (8 bytes).
    Removing qspi.o(.ARM.exidx.text.QSPI_Init), (8 bytes).
    Removing lcd_init.o(.text), (0 bytes).
    Removing lcd_init.o(.ARM.exidx.text.LCD_WR_REG), (8 bytes).
    Removing lcd_init.o(.text.LCD_Transmit_Byte), (100 bytes).
    Removing lcd_init.o(.ARM.exidx.text.LCD_Transmit_Byte), (8 bytes).
    Removing lcd_init.o(.text.LCD_Transmit_DATA), (92 bytes).
    Removing lcd_init.o(.ARM.exidx.text.LCD_Transmit_DATA), (8 bytes).
    Removing lcd_init.o(.text.LCD_4LineTransmit_Byte), (100 bytes).
    Removing lcd_init.o(.ARM.exidx.text.LCD_4LineTransmit_Byte), (8 bytes).
    Removing lcd_init.o(.ARM.exidx.text.LCD_4LineTransmit_DATA), (8 bytes).
    Removing lcd_init.o(.ARM.exidx.text.LCD_4LineTransmit_DATA_DMA), (8 bytes).
    Removing lcd_init.o(.ARM.exidx.text.LCD_Address_Set), (8 bytes).
    Removing lcd_init.o(.ARM.exidx.text.LCD_Init), (8 bytes).
    Removing lcd.o(.text), (0 bytes).
    Removing lcd.o(.ARM.exidx.text.LCD_RGB233toRGB565), (8 bytes).
    Removing lcd.o(.ARM.exidx.text.LCD_Fill1), (8 bytes).
    Removing lcd.o(.text.LCD_ShowChinese), (164 bytes).
    Removing lcd.o(.ARM.exidx.text.LCD_ShowChinese), (8 bytes).
    Removing lcd.o(.text.LCD_ShowChinese12x12), (260 bytes).
    Removing lcd.o(.ARM.exidx.text.LCD_ShowChinese12x12), (8 bytes).
    Removing lcd.o(.text.LCD_ShowChinese16x16), (264 bytes).
    Removing lcd.o(.ARM.exidx.text.LCD_ShowChinese16x16), (8 bytes).
    Removing lcd.o(.text.LCD_ShowChinese24x24), (260 bytes).
    Removing lcd.o(.ARM.exidx.text.LCD_ShowChinese24x24), (8 bytes).
    Removing lcd.o(.text.LCD_ShowChinese32x32), (264 bytes).
    Removing lcd.o(.ARM.exidx.text.LCD_ShowChinese32x32), (8 bytes).
    Removing lcd.o(.ARM.exidx.text.LCD_ShowChar), (8 bytes).
    Removing lcd.o(.ARM.exidx.text.LCD_ShowString), (8 bytes).
    Removing lcd.o(.text.mypow), (22 bytes).
    Removing lcd.o(.ARM.exidx.text.mypow), (8 bytes).
    Removing lcd.o(.text.LCD_ShowIntNum), (170 bytes).
    Removing lcd.o(.ARM.exidx.text.LCD_ShowIntNum), (8 bytes).
    Removing lcd.o(.text.LCD_ShowFloatNum1), (212 bytes).
    Removing lcd.o(.ARM.exidx.text.LCD_ShowFloatNum1), (8 bytes).
    Removing lcd.o(.text.LCD_ShowPicture), (112 bytes).
    Removing lcd.o(.ARM.exidx.text.LCD_ShowPicture), (8 bytes).
    Removing lcd.o(.ARM.exidx.text.LCD_ShowPicture232), (8 bytes).
    Removing lcd.o(.rodata.tfont12), (130 bytes).
    Removing lcd.o(.rodata.tfont16), (170 bytes).
    Removing lcd.o(.rodata.tfont24), (370 bytes).
    Removing lcd.o(.rodata.tfont32), (650 bytes).
    Removing dadd.o(.text), (334 bytes).
    Removing dmul.o(.text), (228 bytes).
    Removing ddiv.o(.text), (222 bytes).
    Removing dfixul.o(.text), (48 bytes).
    Removing cdrcmple.o(.text), (48 bytes).
    Removing depilogue.o(.text), (186 bytes).

1037 unused section(s) (total 60838 bytes) removed from the image.

==============================================================================

Image Symbol Table

    Local Symbols

    Symbol Name                              Value     Ov Type        Size  Object(Section)

    ../clib/../cmprslib/zerorunl2.c          0x00000000   Number         0  __dczerorl2.o ABSOLUTE
    ../clib/microlib/division.c              0x00000000   Number         0  uldiv.o ABSOLUTE
    ../clib/microlib/division.c              0x00000000   Number         0  uidiv.o ABSOLUTE
    ../clib/microlib/init/entry.s            0x00000000   Number         0  entry.o ABSOLUTE
    ../clib/microlib/init/entry.s            0x00000000   Number         0  entry2.o ABSOLUTE
    ../clib/microlib/init/entry.s            0x00000000   Number         0  entry5.o ABSOLUTE
    ../clib/microlib/init/entry.s            0x00000000   Number         0  entry7a.o ABSOLUTE
    ../clib/microlib/init/entry.s            0x00000000   Number         0  entry7b.o ABSOLUTE
    ../clib/microlib/init/entry.s            0x00000000   Number         0  entry8a.o ABSOLUTE
    ../clib/microlib/init/entry.s            0x00000000   Number         0  entry8b.o ABSOLUTE
    ../clib/microlib/init/entry.s            0x00000000   Number         0  entry9a.o ABSOLUTE
    ../clib/microlib/init/entry.s            0x00000000   Number         0  entry9b.o ABSOLUTE
    ../clib/microlib/init/entry.s            0x00000000   Number         0  entry10a.o ABSOLUTE
    ../clib/microlib/init/entry.s            0x00000000   Number         0  entry10b.o ABSOLUTE
    ../clib/microlib/init/entry.s            0x00000000   Number         0  entry11a.o ABSOLUTE
    ../clib/microlib/init/entry.s            0x00000000   Number         0  entry11b.o ABSOLUTE
    ../clib/microlib/longlong.c              0x00000000   Number         0  llshl.o ABSOLUTE
    ../clib/microlib/longlong.c              0x00000000   Number         0  llushr.o ABSOLUTE
    ../clib/microlib/longlong.c              0x00000000   Number         0  llsshr.o ABSOLUTE
    ../clib/microlib/printf/printf.c         0x00000000   Number         0  printfb.o ABSOLUTE
    ../clib/microlib/printf/printf.c         0x00000000   Number         0  printf0.o ABSOLUTE
    ../clib/microlib/printf/printf.c         0x00000000   Number         0  printf1.o ABSOLUTE
    ../clib/microlib/printf/printf.c         0x00000000   Number         0  printf2.o ABSOLUTE
    ../clib/microlib/printf/printf.c         0x00000000   Number         0  printf3.o ABSOLUTE
    ../clib/microlib/printf/printf.c         0x00000000   Number         0  printf4.o ABSOLUTE
    ../clib/microlib/printf/printf.c         0x00000000   Number         0  printf5.o ABSOLUTE
    ../clib/microlib/printf/printf.c         0x00000000   Number         0  printf6.o ABSOLUTE
    ../clib/microlib/printf/printf.c         0x00000000   Number         0  printf7.o ABSOLUTE
    ../clib/microlib/printf/printf.c         0x00000000   Number         0  printf8.o ABSOLUTE
    ../clib/microlib/printf/printf.c         0x00000000   Number         0  printfa.o ABSOLUTE
    ../clib/microlib/string/memset.c         0x00000000   Number         0  memseta.o ABSOLUTE
    ../clib/microlib/stubs.s                 0x00000000   Number         0  iusefp.o ABSOLUTE
    ../fplib/microlib/fpadd.c                0x00000000   Number         0  dadd.o ABSOLUTE
    ../fplib/microlib/fpdiv.c                0x00000000   Number         0  ddiv.o ABSOLUTE
    ../fplib/microlib/fpepilogue.c           0x00000000   Number         0  depilogue.o ABSOLUTE
    ../fplib/microlib/fpfix.c                0x00000000   Number         0  dfixul.o ABSOLUTE
    ../fplib/microlib/fpmul.c                0x00000000   Number         0  dmul.o ABSOLUTE
    QSPI.c                                   0x00000000   Number         0  qspi.o ABSOLUTE
    cdrcmple.s                               0x00000000   Number         0  cdrcmple.o ABSOLUTE
    dc.s                                     0x00000000   Number         0  dc.o ABSOLUTE
    gpio.c                                   0x00000000   Number         0  gpio.o ABSOLUTE
    handlers.s                               0x00000000   Number         0  handlers.o ABSOLUTE
    init.s                                   0x00000000   Number         0  init.o ABSOLUTE
    lcd.c                                    0x00000000   Number         0  lcd.o ABSOLUTE
    lcd_init.c                               0x00000000   Number         0  lcd_init.o ABSOLUTE
    main.c                                   0x00000000   Number         0  main.o ABSOLUTE
    startup_stm32h750xx.s                    0x00000000   Number         0  startup_stm32h750xx.o ABSOLUTE
    stm32h7xx_hal.c                          0x00000000   Number         0  stm32h7xx_hal.o ABSOLUTE
    stm32h7xx_hal_cortex.c                   0x00000000   Number         0  stm32h7xx_hal_cortex.o ABSOLUTE
    stm32h7xx_hal_dma.c                      0x00000000   Number         0  stm32h7xx_hal_dma.o ABSOLUTE
    stm32h7xx_hal_dma_ex.c                   0x00000000   Number         0  stm32h7xx_hal_dma_ex.o ABSOLUTE
    stm32h7xx_hal_exti.c                     0x00000000   Number         0  stm32h7xx_hal_exti.o ABSOLUTE
    stm32h7xx_hal_flash.c                    0x00000000   Number         0  stm32h7xx_hal_flash.o ABSOLUTE
    stm32h7xx_hal_flash_ex.c                 0x00000000   Number         0  stm32h7xx_hal_flash_ex.o ABSOLUTE
    stm32h7xx_hal_gpio.c                     0x00000000   Number         0  stm32h7xx_hal_gpio.o ABSOLUTE
    stm32h7xx_hal_hsem.c                     0x00000000   Number         0  stm32h7xx_hal_hsem.o ABSOLUTE
    stm32h7xx_hal_i2c.c                      0x00000000   Number         0  stm32h7xx_hal_i2c.o ABSOLUTE
    stm32h7xx_hal_i2c_ex.c                   0x00000000   Number         0  stm32h7xx_hal_i2c_ex.o ABSOLUTE
    stm32h7xx_hal_mdma.c                     0x00000000   Number         0  stm32h7xx_hal_mdma.o ABSOLUTE
    stm32h7xx_hal_msp.c                      0x00000000   Number         0  stm32h7xx_hal_msp.o ABSOLUTE
    stm32h7xx_hal_pwr.c                      0x00000000   Number         0  stm32h7xx_hal_pwr.o ABSOLUTE
    stm32h7xx_hal_pwr_ex.c                   0x00000000   Number         0  stm32h7xx_hal_pwr_ex.o ABSOLUTE
    stm32h7xx_hal_qspi.c                     0x00000000   Number         0  stm32h7xx_hal_qspi.o ABSOLUTE
    stm32h7xx_hal_rcc.c                      0x00000000   Number         0  stm32h7xx_hal_rcc.o ABSOLUTE
    stm32h7xx_hal_rcc_ex.c                   0x00000000   Number         0  stm32h7xx_hal_rcc_ex.o ABSOLUTE
    stm32h7xx_hal_tim.c                      0x00000000   Number         0  stm32h7xx_hal_tim.o ABSOLUTE
    stm32h7xx_hal_tim_ex.c                   0x00000000   Number         0  stm32h7xx_hal_tim_ex.o ABSOLUTE
    stm32h7xx_hal_uart.c                     0x00000000   Number         0  stm32h7xx_hal_uart.o ABSOLUTE
    stm32h7xx_hal_uart_ex.c                  0x00000000   Number         0  stm32h7xx_hal_uart_ex.o ABSOLUTE
    stm32h7xx_it.c                           0x00000000   Number         0  stm32h7xx_it.o ABSOLUTE
    system_stm32h7xx.c                       0x00000000   Number         0  system_stm32h7xx.o ABSOLUTE
    usart.c                                  0x00000000   Number         0  usart.o ABSOLUTE
    RESET                                    0x08000000   Section      664  startup_stm32h750xx.o(RESET)
    .ARM.Collect$$$$00000000                 0x08000298   Section        0  entry.o(.ARM.Collect$$$$00000000)
    .ARM.Collect$$$$00000001                 0x08000298   Section        4  entry2.o(.ARM.Collect$$$$00000001)
    .ARM.Collect$$$$00000004                 0x0800029c   Section        4  entry5.o(.ARM.Collect$$$$00000004)
    .ARM.Collect$$$$00000008                 0x080002a0   Section        0  entry7b.o(.ARM.Collect$$$$00000008)
    .ARM.Collect$$$$0000000A                 0x080002a0   Section        0  entry8b.o(.ARM.Collect$$$$0000000A)
    .ARM.Collect$$$$0000000B                 0x080002a0   Section        8  entry9a.o(.ARM.Collect$$$$0000000B)
    __lit__00000000                          0x080002a8   Data           4  entry2.o(.ARM.Collect$$$$00002712)
    .ARM.Collect$$$$0000000D                 0x080002a8   Section        0  entry10a.o(.ARM.Collect$$$$0000000D)
    .ARM.Collect$$$$0000000F                 0x080002a8   Section        0  entry11a.o(.ARM.Collect$$$$0000000F)
    .ARM.Collect$$$$00002712                 0x080002a8   Section        4  entry2.o(.ARM.Collect$$$$00002712)
    $v0                                      0x080002ac   Number         0  startup_stm32h750xx.o(.text)
    .text                                    0x080002ac   Section       36  startup_stm32h750xx.o(.text)
    .text                                    0x080002d0   Section        0  uldiv.o(.text)
    .text                                    0x08000332   Section        0  memseta.o(.text)
    .text                                    0x08000356   Section        0  llshl.o(.text)
    .text                                    0x08000374   Section        0  llushr.o(.text)
    .text                                    0x08000394   Section       36  init.o(.text)
    .text                                    0x080003b8   Section        0  __dczerorl2.o(.text)
    [Anonymous Symbol]                       0x08000410   Section        0  stm32h7xx_it.o(.text.BusFault_Handler)
    [Anonymous Symbol]                       0x08000418   Section        0  main.o(.text.CPU_CACHE_Enable)
    [Anonymous Symbol]                       0x080004b0   Section        0  stm32h7xx_it.o(.text.DebugMon_Handler)
    [Anonymous Symbol]                       0x080004b8   Section        0  main.o(.text.Error_Handler)
    [Anonymous Symbol]                       0x080004c8   Section        0  stm32h7xx_hal_dma.o(.text.HAL_DMA_Abort)
    [Anonymous Symbol]                       0x08000a98   Section        0  stm32h7xx_hal_dma.o(.text.HAL_DMA_Abort_IT)
    [Anonymous Symbol]                       0x08000d48   Section        0  stm32h7xx_hal.o(.text.HAL_Delay)
    [Anonymous Symbol]                       0x08000d70   Section        0  stm32h7xx_hal.o(.text.HAL_EnableCompensationCell)
    [Anonymous Symbol]                       0x08000d88   Section        0  stm32h7xx_hal_gpio.o(.text.HAL_GPIO_Init)
    [Anonymous Symbol]                       0x08000f28   Section        0  stm32h7xx_hal_gpio.o(.text.HAL_GPIO_WritePin)
    [Anonymous Symbol]                       0x08000f38   Section        0  stm32h7xx_hal.o(.text.HAL_GetREVID)
    [Anonymous Symbol]                       0x08000f48   Section        0  stm32h7xx_hal.o(.text.HAL_GetTick)
    [Anonymous Symbol]                       0x08000f58   Section        0  stm32h7xx_hal.o(.text.HAL_IncTick)
    [Anonymous Symbol]                       0x08000f78   Section        0  stm32h7xx_hal.o(.text.HAL_Init)
    [Anonymous Symbol]                       0x08000fe0   Section        0  stm32h7xx_hal.o(.text.HAL_InitTick)
    [Anonymous Symbol]                       0x08001038   Section        0  stm32h7xx_hal_mdma.o(.text.HAL_MDMA_Abort_IT)
    [Anonymous Symbol]                       0x08001068   Section        0  stm32h7xx_hal_mdma.o(.text.HAL_MDMA_DeInit)
    [Anonymous Symbol]                       0x080010a8   Section        0  stm32h7xx_hal_mdma.o(.text.HAL_MDMA_IRQHandler)
    [Anonymous Symbol]                       0x08001258   Section        0  stm32h7xx_hal_mdma.o(.text.HAL_MDMA_Init)
    [Anonymous Symbol]                       0x080012b8   Section        0  stm32h7xx_hal_mdma.o(.text.HAL_MDMA_Start_IT)
    [Anonymous Symbol]                       0x08001360   Section        0  stm32h7xx_hal_cortex.o(.text.HAL_MPU_ConfigRegion)
    [Anonymous Symbol]                       0x080013c0   Section        0  stm32h7xx_hal_cortex.o(.text.HAL_MPU_Disable)
    [Anonymous Symbol]                       0x080013e0   Section        0  stm32h7xx_hal_cortex.o(.text.HAL_MPU_Enable)
    [Anonymous Symbol]                       0x08001400   Section        0  stm32h7xx_hal_msp.o(.text.HAL_MspInit)
    [Anonymous Symbol]                       0x08001420   Section        0  stm32h7xx_hal_cortex.o(.text.HAL_NVIC_EnableIRQ)
    [Anonymous Symbol]                       0x08001428   Section        0  stm32h7xx_hal_cortex.o(.text.HAL_NVIC_SetPriority)
    [Anonymous Symbol]                       0x08001448   Section        0  stm32h7xx_hal_cortex.o(.text.HAL_NVIC_SetPriorityGrouping)
    [Anonymous Symbol]                       0x08001450   Section        0  stm32h7xx_hal_pwr_ex.o(.text.HAL_PWREx_ConfigSupply)
    [Anonymous Symbol]                       0x08001498   Section        0  stm32h7xx_hal_qspi.o(.text.HAL_QSPI_AbortCpltCallback)
    [Anonymous Symbol]                       0x080014a0   Section        0  stm32h7xx_hal_qspi.o(.text.HAL_QSPI_Abort_IT)
    [Anonymous Symbol]                       0x08001520   Section        0  stm32h7xx_hal_qspi.o(.text.HAL_QSPI_CmdCpltCallback)
    [Anonymous Symbol]                       0x08001528   Section        0  stm32h7xx_hal_qspi.o(.text.HAL_QSPI_Command)
    [Anonymous Symbol]                       0x080015b8   Section        0  stm32h7xx_hal_qspi.o(.text.HAL_QSPI_ErrorCallback)
    [Anonymous Symbol]                       0x080015c0   Section        0  stm32h7xx_hal_qspi.o(.text.HAL_QSPI_FifoThresholdCallback)
    [Anonymous Symbol]                       0x080015c8   Section        0  stm32h7xx_hal_qspi.o(.text.HAL_QSPI_IRQHandler)
    [Anonymous Symbol]                       0x080017c0   Section        0  stm32h7xx_hal_qspi.o(.text.HAL_QSPI_Init)
    [Anonymous Symbol]                       0x08001878   Section        0  stm32h7xx_hal_qspi.o(.text.HAL_QSPI_MspInit)
    [Anonymous Symbol]                       0x08001880   Section        0  stm32h7xx_hal_qspi.o(.text.HAL_QSPI_RxCpltCallback)
    [Anonymous Symbol]                       0x08001888   Section        0  stm32h7xx_hal_qspi.o(.text.HAL_QSPI_SetTimeout)
    [Anonymous Symbol]                       0x08001890   Section        0  stm32h7xx_hal_qspi.o(.text.HAL_QSPI_StatusMatchCallback)
    [Anonymous Symbol]                       0x08001898   Section        0  stm32h7xx_hal_qspi.o(.text.HAL_QSPI_TimeOutCallback)
    [Anonymous Symbol]                       0x080018a0   Section        0  stm32h7xx_hal_qspi.o(.text.HAL_QSPI_Transmit)
    [Anonymous Symbol]                       0x08001970   Section        0  stm32h7xx_hal_qspi.o(.text.HAL_QSPI_Transmit_DMA)
    [Anonymous Symbol]                       0x08001a98   Section        0  stm32h7xx_hal_qspi.o(.text.HAL_QSPI_TxCpltCallback)
    [Anonymous Symbol]                       0x08001aa0   Section        0  stm32h7xx_hal_rcc_ex.o(.text.HAL_RCCEx_GetD3PCLK1Freq)
    [Anonymous Symbol]                       0x08001ac8   Section        0  stm32h7xx_hal_rcc_ex.o(.text.HAL_RCCEx_GetPLL2ClockFreq)
    [Anonymous Symbol]                       0x08001bf0   Section        0  stm32h7xx_hal_rcc_ex.o(.text.HAL_RCCEx_GetPLL3ClockFreq)
    [Anonymous Symbol]                       0x08001d18   Section        0  stm32h7xx_hal_rcc_ex.o(.text.HAL_RCCEx_PeriphCLKConfig)
    [Anonymous Symbol]                       0x08002728   Section        0  stm32h7xx_hal_rcc.o(.text.HAL_RCC_ClockConfig)
    [Anonymous Symbol]                       0x08002978   Section        0  stm32h7xx_hal_rcc.o(.text.HAL_RCC_GetHCLKFreq)
    [Anonymous Symbol]                       0x080029c8   Section        0  stm32h7xx_hal_rcc.o(.text.HAL_RCC_GetPCLK1Freq)
    [Anonymous Symbol]                       0x080029f0   Section        0  stm32h7xx_hal_rcc.o(.text.HAL_RCC_GetPCLK2Freq)
    [Anonymous Symbol]                       0x08002a18   Section        0  stm32h7xx_hal_rcc.o(.text.HAL_RCC_GetSysClockFreq)
    [Anonymous Symbol]                       0x08002b20   Section        0  stm32h7xx_hal_rcc.o(.text.HAL_RCC_OscConfig)
    [Anonymous Symbol]                       0x08003058   Section        0  stm32h7xx_hal_cortex.o(.text.HAL_SYSTICK_Config)
    [Anonymous Symbol]                       0x08003060   Section        0  stm32h7xx_hal_uart_ex.o(.text.HAL_UARTEx_DisableFifoMode)
    [Anonymous Symbol]                       0x08003098   Section        0  stm32h7xx_hal_uart.o(.text.HAL_UARTEx_RxEventCallback)
    [Anonymous Symbol]                       0x080030a0   Section        0  stm32h7xx_hal_uart_ex.o(.text.HAL_UARTEx_RxFifoFullCallback)
    [Anonymous Symbol]                       0x080030a8   Section        0  stm32h7xx_hal_uart_ex.o(.text.HAL_UARTEx_SetRxFifoThreshold)
    [Anonymous Symbol]                       0x080030f8   Section        0  stm32h7xx_hal_uart_ex.o(.text.HAL_UARTEx_SetTxFifoThreshold)
    [Anonymous Symbol]                       0x08003148   Section        0  stm32h7xx_hal_uart_ex.o(.text.HAL_UARTEx_TxFifoEmptyCallback)
    [Anonymous Symbol]                       0x08003150   Section        0  stm32h7xx_hal_uart_ex.o(.text.HAL_UARTEx_WakeupCallback)
    [Anonymous Symbol]                       0x08003158   Section        0  stm32h7xx_hal_uart.o(.text.HAL_UART_ErrorCallback)
    [Anonymous Symbol]                       0x08003160   Section        0  stm32h7xx_hal_uart.o(.text.HAL_UART_IRQHandler)
    [Anonymous Symbol]                       0x08003548   Section        0  stm32h7xx_hal_uart.o(.text.HAL_UART_Init)
    [Anonymous Symbol]                       0x080035b0   Section        0  usart.o(.text.HAL_UART_MspInit)
    [Anonymous Symbol]                       0x08003650   Section        0  stm32h7xx_hal_uart.o(.text.HAL_UART_Transmit)
    [Anonymous Symbol]                       0x08003718   Section        0  stm32h7xx_hal_uart.o(.text.HAL_UART_TxCpltCallback)
    [Anonymous Symbol]                       0x08003720   Section        0  stm32h7xx_it.o(.text.HardFault_Handler)
    [Anonymous Symbol]                       0x08003728   Section        0  lcd_init.o(.text.LCD_4LineTransmit_DATA)
    [Anonymous Symbol]                       0x08003778   Section        0  lcd_init.o(.text.LCD_4LineTransmit_DATA_DMA)
    [Anonymous Symbol]                       0x080037f0   Section        0  lcd_init.o(.text.LCD_Address_Set)
    [Anonymous Symbol]                       0x08003838   Section        0  lcd.o(.text.LCD_Fill1)
    [Anonymous Symbol]                       0x080038a8   Section        0  lcd_init.o(.text.LCD_Init)
    [Anonymous Symbol]                       0x08003938   Section        0  lcd.o(.text.LCD_RGB233toRGB565)
    [Anonymous Symbol]                       0x08003968   Section        0  lcd.o(.text.LCD_ShowChar)
    [Anonymous Symbol]                       0x08003a78   Section        0  lcd.o(.text.LCD_ShowPicture232)
    [Anonymous Symbol]                       0x08003af8   Section        0  lcd.o(.text.LCD_ShowString)
    [Anonymous Symbol]                       0x08003b38   Section        0  lcd_init.o(.text.LCD_WR_REG)
    [Anonymous Symbol]                       0x08003b80   Section        0  stm32h7xx_it.o(.text.MDMA_IRQHandler)
    MDMA_Init                                0x08003b99   Thumb Code   156  stm32h7xx_hal_mdma.o(.text.MDMA_Init)
    [Anonymous Symbol]                       0x08003b98   Section        0  stm32h7xx_hal_mdma.o(.text.MDMA_Init)
    MDMA_SetConfig                           0x08003c39   Thumb Code   122  stm32h7xx_hal_mdma.o(.text.MDMA_SetConfig)
    [Anonymous Symbol]                       0x08003c38   Section        0  stm32h7xx_hal_mdma.o(.text.MDMA_SetConfig)
    MPU_Config                               0x08003cb9   Thumb Code    62  main.o(.text.MPU_Config)
    [Anonymous Symbol]                       0x08003cb8   Section        0  main.o(.text.MPU_Config)
    [Anonymous Symbol]                       0x08003cf8   Section        0  gpio.o(.text.MX_GPIO_Init)
    [Anonymous Symbol]                       0x08003d78   Section        0  usart.o(.text.MX_USART1_UART_Init)
    [Anonymous Symbol]                       0x08003df8   Section        0  stm32h7xx_it.o(.text.MemManage_Handler)
    [Anonymous Symbol]                       0x08003e00   Section        0  stm32h7xx_it.o(.text.NMI_Handler)
    NVIC_EncodePriority                      0x08003e09   Thumb Code    46  stm32h7xx_hal_cortex.o(.text.NVIC_EncodePriority)
    [Anonymous Symbol]                       0x08003e08   Section        0  stm32h7xx_hal_cortex.o(.text.NVIC_EncodePriority)
    [Anonymous Symbol]                       0x08003e38   Section        0  stm32h7xx_it.o(.text.PendSV_Handler)
    QSPI_Config                              0x08003e41   Thumb Code   372  stm32h7xx_hal_qspi.o(.text.QSPI_Config)
    [Anonymous Symbol]                       0x08003e40   Section        0  stm32h7xx_hal_qspi.o(.text.QSPI_Config)
    QSPI_DMAAbortCplt                        0x08003fb9   Thumb Code    54  stm32h7xx_hal_qspi.o(.text.QSPI_DMAAbortCplt)
    [Anonymous Symbol]                       0x08003fb8   Section        0  stm32h7xx_hal_qspi.o(.text.QSPI_DMAAbortCplt)
    QSPI_DMAError                            0x08003ff1   Thumb Code    34  stm32h7xx_hal_qspi.o(.text.QSPI_DMAError)
    [Anonymous Symbol]                       0x08003ff0   Section        0  stm32h7xx_hal_qspi.o(.text.QSPI_DMAError)
    QSPI_DMATxCplt                           0x08004019   Thumb Code    18  stm32h7xx_hal_qspi.o(.text.QSPI_DMATxCplt)
    [Anonymous Symbol]                       0x08004018   Section        0  stm32h7xx_hal_qspi.o(.text.QSPI_DMATxCplt)
    [Anonymous Symbol]                       0x08004030   Section        0  qspi.o(.text.QSPI_GPIOInit)
    [Anonymous Symbol]                       0x080040f0   Section        0  qspi.o(.text.QSPI_Init)
    QSPI_WaitFlagStateUntilTimeout           0x08004211   Thumb Code   106  stm32h7xx_hal_qspi.o(.text.QSPI_WaitFlagStateUntilTimeout)
    [Anonymous Symbol]                       0x08004210   Section        0  stm32h7xx_hal_qspi.o(.text.QSPI_WaitFlagStateUntilTimeout)
    [Anonymous Symbol]                       0x08004280   Section        0  stm32h7xx_it.o(.text.QUADSPI_IRQHandler)
    RCCEx_PLL2_Config                        0x08004291   Thumb Code   286  stm32h7xx_hal_rcc_ex.o(.text.RCCEx_PLL2_Config)
    [Anonymous Symbol]                       0x08004290   Section        0  stm32h7xx_hal_rcc_ex.o(.text.RCCEx_PLL2_Config)
    RCCEx_PLL3_Config                        0x080043b1   Thumb Code   286  stm32h7xx_hal_rcc_ex.o(.text.RCCEx_PLL3_Config)
    [Anonymous Symbol]                       0x080043b0   Section        0  stm32h7xx_hal_rcc_ex.o(.text.RCCEx_PLL3_Config)
    [Anonymous Symbol]                       0x080044d0   Section        0  stm32h7xx_it.o(.text.SVC_Handler)
    SysTick_Config                           0x080044d9   Thumb Code    46  stm32h7xx_hal_cortex.o(.text.SysTick_Config)
    [Anonymous Symbol]                       0x080044d8   Section        0  stm32h7xx_hal_cortex.o(.text.SysTick_Config)
    [Anonymous Symbol]                       0x08004508   Section        0  stm32h7xx_it.o(.text.SysTick_Handler)
    [Anonymous Symbol]                       0x08004510   Section        0  main.o(.text.SystemClock_Config)
    [Anonymous Symbol]                       0x080045f8   Section        0  system_stm32h7xx.o(.text.SystemInit)
    UARTEx_SetNbDataToProcess                0x080046c9   Thumb Code    84  stm32h7xx_hal_uart_ex.o(.text.UARTEx_SetNbDataToProcess)
    [Anonymous Symbol]                       0x080046c8   Section        0  stm32h7xx_hal_uart_ex.o(.text.UARTEx_SetNbDataToProcess)
    [Anonymous Symbol]                       0x08004720   Section        0  stm32h7xx_hal_uart.o(.text.UART_AdvFeatureConfig)
    [Anonymous Symbol]                       0x08004800   Section        0  stm32h7xx_hal_uart.o(.text.UART_CheckIdleState)
    UART_DMAAbortOnError                     0x080048b9   Thumb Code    20  stm32h7xx_hal_uart.o(.text.UART_DMAAbortOnError)
    [Anonymous Symbol]                       0x080048b8   Section        0  stm32h7xx_hal_uart.o(.text.UART_DMAAbortOnError)
    UART_EndRxTransfer                       0x080048d1   Thumb Code    90  stm32h7xx_hal_uart.o(.text.UART_EndRxTransfer)
    [Anonymous Symbol]                       0x080048d0   Section        0  stm32h7xx_hal_uart.o(.text.UART_EndRxTransfer)
    UART_EndTransmit_IT                      0x08004931   Thumb Code    40  stm32h7xx_hal_uart.o(.text.UART_EndTransmit_IT)
    [Anonymous Symbol]                       0x08004930   Section        0  stm32h7xx_hal_uart.o(.text.UART_EndTransmit_IT)
    [Anonymous Symbol]                       0x08004958   Section        0  stm32h7xx_hal_uart.o(.text.UART_SetConfig)
    [Anonymous Symbol]                       0x08004ee0   Section        0  stm32h7xx_hal_uart.o(.text.UART_WaitOnFlagUntilTimeout)
    [Anonymous Symbol]                       0x08004fa0   Section        0  stm32h7xx_it.o(.text.USART1_IRQHandler)
    [Anonymous Symbol]                       0x08004fb0   Section        0  stm32h7xx_it.o(.text.UsageFault_Handler)
    __NVIC_EnableIRQ                         0x08004fb9   Thumb Code    32  stm32h7xx_hal_cortex.o(.text.__NVIC_EnableIRQ)
    [Anonymous Symbol]                       0x08004fb8   Section        0  stm32h7xx_hal_cortex.o(.text.__NVIC_EnableIRQ)
    __NVIC_GetPriorityGrouping               0x08004fd9   Thumb Code    16  stm32h7xx_hal_cortex.o(.text.__NVIC_GetPriorityGrouping)
    [Anonymous Symbol]                       0x08004fd8   Section        0  stm32h7xx_hal_cortex.o(.text.__NVIC_GetPriorityGrouping)
    __NVIC_SetPriority                       0x08004fe9   Thumb Code    34  stm32h7xx_hal_cortex.o(.text.__NVIC_SetPriority)
    [Anonymous Symbol]                       0x08004fe8   Section        0  stm32h7xx_hal_cortex.o(.text.__NVIC_SetPriority)
    __NVIC_SetPriorityGrouping               0x08005011   Thumb Code    32  stm32h7xx_hal_cortex.o(.text.__NVIC_SetPriorityGrouping)
    [Anonymous Symbol]                       0x08005010   Section        0  stm32h7xx_hal_cortex.o(.text.__NVIC_SetPriorityGrouping)
    [Anonymous Symbol]                       0x08005030   Section        0  usart.o(.text.fputc)
    [Anonymous Symbol]                       0x08005050   Section        0  main.o(.text.main)
    i.__0printf$bare                         0x080053d0   Section        0  printfb.o(i.__0printf$bare)
    i.__scatterload_copy                     0x080053e0   Section       14  handlers.o(i.__scatterload_copy)
    i.__scatterload_null                     0x080053ee   Section        2  handlers.o(i.__scatterload_null)
    i.__scatterload_zeroinit                 0x080053f0   Section       14  handlers.o(i.__scatterload_zeroinit)
    _printf_core                             0x080053ff   Thumb Code    34  printfb.o(i._printf_core)
    i._printf_core                           0x080053fe   Section        0  printfb.o(i._printf_core)
    UARTEx_SetNbDataToProcess.numerator      0x080083c8   Data           8  stm32h7xx_hal_uart_ex.o(.rodata.cst8)
    UARTEx_SetNbDataToProcess.denominator    0x080083d0   Data           8  stm32h7xx_hal_uart_ex.o(.rodata.cst8)
    frame_cache                              0x24000000   Data       339488  lcd.o(.ARM.__at_0x24000000)
    [Anonymous Symbol]                       0x24000000   Section        0  lcd.o(.ARM.__at_0x24000000)
    STACK                                    0x24054588   Section     4096  startup_stm32h750xx.o(STACK)

    Global Symbols

    Symbol Name                              Value     Ov Type        Size  Object(Section)

    BuildAttributes$$THM_ISAv4$E$P$D$K$B$S$7EM$VFPv5_D16$PE$PLD8$A:L22UL41UL21$X:L11$S22US41US21$IEEE1$IW$~IW$USESV6$~STKCKD$USESV7$~SHL$OTIME$ROPI$EBA8$MICROLIB$REQ8$PRES8$EABIv2 0x00000000   Number         0  anon$$obj.o ABSOLUTE
    __cpp_initialize__aeabi_                  - Undefined Weak Reference
    __cxa_finalize                            - Undefined Weak Reference
    _clock_init                               - Undefined Weak Reference
    _microlib_exit                            - Undefined Weak Reference
    __Vectors_Size                           0x00000298   Number         0  startup_stm32h750xx.o ABSOLUTE
    __Vectors                                0x08000000   Data           4  startup_stm32h750xx.o(RESET)
    __Vectors_End                            0x08000298   Data           0  startup_stm32h750xx.o(RESET)
    __main                                   0x08000299   Thumb Code     0  entry.o(.ARM.Collect$$$$00000000)
    _main_stk                                0x08000299   Thumb Code     0  entry2.o(.ARM.Collect$$$$00000001)
    _main_scatterload                        0x0800029d   Thumb Code     0  entry5.o(.ARM.Collect$$$$00000004)
    __main_after_scatterload                 0x080002a1   Thumb Code     0  entry5.o(.ARM.Collect$$$$00000004)
    _main_clock                              0x080002a1   Thumb Code     0  entry7b.o(.ARM.Collect$$$$00000008)
    _main_cpp_init                           0x080002a1   Thumb Code     0  entry8b.o(.ARM.Collect$$$$0000000A)
    _main_init                               0x080002a1   Thumb Code     0  entry9a.o(.ARM.Collect$$$$0000000B)
    __rt_final_cpp                           0x080002a9   Thumb Code     0  entry10a.o(.ARM.Collect$$$$0000000D)
    __rt_final_exit                          0x080002a9   Thumb Code     0  entry11a.o(.ARM.Collect$$$$0000000F)
    Reset_Handler                            0x080002ad   Thumb Code     8  startup_stm32h750xx.o(.text)
    ADC3_IRQHandler                          0x080002c7   Thumb Code     0  startup_stm32h750xx.o(.text)
    ADC_IRQHandler                           0x080002c7   Thumb Code     0  startup_stm32h750xx.o(.text)
    BDMA_Channel0_IRQHandler                 0x080002c7   Thumb Code     0  startup_stm32h750xx.o(.text)
    BDMA_Channel1_IRQHandler                 0x080002c7   Thumb Code     0  startup_stm32h750xx.o(.text)
    BDMA_Channel2_IRQHandler                 0x080002c7   Thumb Code     0  startup_stm32h750xx.o(.text)
    BDMA_Channel3_IRQHandler                 0x080002c7   Thumb Code     0  startup_stm32h750xx.o(.text)
    BDMA_Channel4_IRQHandler                 0x080002c7   Thumb Code     0  startup_stm32h750xx.o(.text)
    BDMA_Channel5_IRQHandler                 0x080002c7   Thumb Code     0  startup_stm32h750xx.o(.text)
    BDMA_Channel6_IRQHandler                 0x080002c7   Thumb Code     0  startup_stm32h750xx.o(.text)
    BDMA_Channel7_IRQHandler                 0x080002c7   Thumb Code     0  startup_stm32h750xx.o(.text)
    CEC_IRQHandler                           0x080002c7   Thumb Code     0  startup_stm32h750xx.o(.text)
    COMP1_IRQHandler                         0x080002c7   Thumb Code     0  startup_stm32h750xx.o(.text)
    CRS_IRQHandler                           0x080002c7   Thumb Code     0  startup_stm32h750xx.o(.text)
    CRYP_IRQHandler                          0x080002c7   Thumb Code     0  startup_stm32h750xx.o(.text)
    DCMI_IRQHandler                          0x080002c7   Thumb Code     0  startup_stm32h750xx.o(.text)
    DFSDM1_FLT0_IRQHandler                   0x080002c7   Thumb Code     0  startup_stm32h750xx.o(.text)
    DFSDM1_FLT1_IRQHandler                   0x080002c7   Thumb Code     0  startup_stm32h750xx.o(.text)
    DFSDM1_FLT2_IRQHandler                   0x080002c7   Thumb Code     0  startup_stm32h750xx.o(.text)
    DFSDM1_FLT3_IRQHandler                   0x080002c7   Thumb Code     0  startup_stm32h750xx.o(.text)
    DMA1_Stream0_IRQHandler                  0x080002c7   Thumb Code     0  startup_stm32h750xx.o(.text)
    DMA1_Stream1_IRQHandler                  0x080002c7   Thumb Code     0  startup_stm32h750xx.o(.text)
    DMA1_Stream2_IRQHandler                  0x080002c7   Thumb Code     0  startup_stm32h750xx.o(.text)
    DMA1_Stream3_IRQHandler                  0x080002c7   Thumb Code     0  startup_stm32h750xx.o(.text)
    DMA1_Stream4_IRQHandler                  0x080002c7   Thumb Code     0  startup_stm32h750xx.o(.text)
    DMA1_Stream5_IRQHandler                  0x080002c7   Thumb Code     0  startup_stm32h750xx.o(.text)
    DMA1_Stream6_IRQHandler                  0x080002c7   Thumb Code     0  startup_stm32h750xx.o(.text)
    DMA1_Stream7_IRQHandler                  0x080002c7   Thumb Code     0  startup_stm32h750xx.o(.text)
    DMA2D_IRQHandler                         0x080002c7   Thumb Code     0  startup_stm32h750xx.o(.text)
    DMA2_Stream0_IRQHandler                  0x080002c7   Thumb Code     0  startup_stm32h750xx.o(.text)
    DMA2_Stream1_IRQHandler                  0x080002c7   Thumb Code     0  startup_stm32h750xx.o(.text)
    DMA2_Stream2_IRQHandler                  0x080002c7   Thumb Code     0  startup_stm32h750xx.o(.text)
    DMA2_Stream3_IRQHandler                  0x080002c7   Thumb Code     0  startup_stm32h750xx.o(.text)
    DMA2_Stream4_IRQHandler                  0x080002c7   Thumb Code     0  startup_stm32h750xx.o(.text)
    DMA2_Stream5_IRQHandler                  0x080002c7   Thumb Code     0  startup_stm32h750xx.o(.text)
    DMA2_Stream6_IRQHandler                  0x080002c7   Thumb Code     0  startup_stm32h750xx.o(.text)
    DMA2_Stream7_IRQHandler                  0x080002c7   Thumb Code     0  startup_stm32h750xx.o(.text)
    DMAMUX1_OVR_IRQHandler                   0x080002c7   Thumb Code     0  startup_stm32h750xx.o(.text)
    DMAMUX2_OVR_IRQHandler                   0x080002c7   Thumb Code     0  startup_stm32h750xx.o(.text)
    ECC_IRQHandler                           0x080002c7   Thumb Code     0  startup_stm32h750xx.o(.text)
    ETH_IRQHandler                           0x080002c7   Thumb Code     0  startup_stm32h750xx.o(.text)
    ETH_WKUP_IRQHandler                      0x080002c7   Thumb Code     0  startup_stm32h750xx.o(.text)
    EXTI0_IRQHandler                         0x080002c7   Thumb Code     0  startup_stm32h750xx.o(.text)
    EXTI15_10_IRQHandler                     0x080002c7   Thumb Code     0  startup_stm32h750xx.o(.text)
    EXTI1_IRQHandler                         0x080002c7   Thumb Code     0  startup_stm32h750xx.o(.text)
    EXTI2_IRQHandler                         0x080002c7   Thumb Code     0  startup_stm32h750xx.o(.text)
    EXTI3_IRQHandler                         0x080002c7   Thumb Code     0  startup_stm32h750xx.o(.text)
    EXTI4_IRQHandler                         0x080002c7   Thumb Code     0  startup_stm32h750xx.o(.text)
    EXTI9_5_IRQHandler                       0x080002c7   Thumb Code     0  startup_stm32h750xx.o(.text)
    FDCAN1_IT0_IRQHandler                    0x080002c7   Thumb Code     0  startup_stm32h750xx.o(.text)
    FDCAN1_IT1_IRQHandler                    0x080002c7   Thumb Code     0  startup_stm32h750xx.o(.text)
    FDCAN2_IT0_IRQHandler                    0x080002c7   Thumb Code     0  startup_stm32h750xx.o(.text)
    FDCAN2_IT1_IRQHandler                    0x080002c7   Thumb Code     0  startup_stm32h750xx.o(.text)
    FDCAN_CAL_IRQHandler                     0x080002c7   Thumb Code     0  startup_stm32h750xx.o(.text)
    FLASH_IRQHandler                         0x080002c7   Thumb Code     0  startup_stm32h750xx.o(.text)
    FMC_IRQHandler                           0x080002c7   Thumb Code     0  startup_stm32h750xx.o(.text)
    FPU_IRQHandler                           0x080002c7   Thumb Code     0  startup_stm32h750xx.o(.text)
    HASH_RNG_IRQHandler                      0x080002c7   Thumb Code     0  startup_stm32h750xx.o(.text)
    HRTIM1_FLT_IRQHandler                    0x080002c7   Thumb Code     0  startup_stm32h750xx.o(.text)
    HRTIM1_Master_IRQHandler                 0x080002c7   Thumb Code     0  startup_stm32h750xx.o(.text)
    HRTIM1_TIMA_IRQHandler                   0x080002c7   Thumb Code     0  startup_stm32h750xx.o(.text)
    HRTIM1_TIMB_IRQHandler                   0x080002c7   Thumb Code     0  startup_stm32h750xx.o(.text)
    HRTIM1_TIMC_IRQHandler                   0x080002c7   Thumb Code     0  startup_stm32h750xx.o(.text)
    HRTIM1_TIMD_IRQHandler                   0x080002c7   Thumb Code     0  startup_stm32h750xx.o(.text)
    HRTIM1_TIME_IRQHandler                   0x080002c7   Thumb Code     0  startup_stm32h750xx.o(.text)
    HSEM1_IRQHandler                         0x080002c7   Thumb Code     0  startup_stm32h750xx.o(.text)
    I2C1_ER_IRQHandler                       0x080002c7   Thumb Code     0  startup_stm32h750xx.o(.text)
    I2C1_EV_IRQHandler                       0x080002c7   Thumb Code     0  startup_stm32h750xx.o(.text)
    I2C2_ER_IRQHandler                       0x080002c7   Thumb Code     0  startup_stm32h750xx.o(.text)
    I2C2_EV_IRQHandler                       0x080002c7   Thumb Code     0  startup_stm32h750xx.o(.text)
    I2C3_ER_IRQHandler                       0x080002c7   Thumb Code     0  startup_stm32h750xx.o(.text)
    I2C3_EV_IRQHandler                       0x080002c7   Thumb Code     0  startup_stm32h750xx.o(.text)
    I2C4_ER_IRQHandler                       0x080002c7   Thumb Code     0  startup_stm32h750xx.o(.text)
    I2C4_EV_IRQHandler                       0x080002c7   Thumb Code     0  startup_stm32h750xx.o(.text)
    JPEG_IRQHandler                          0x080002c7   Thumb Code     0  startup_stm32h750xx.o(.text)
    LPTIM1_IRQHandler                        0x080002c7   Thumb Code     0  startup_stm32h750xx.o(.text)
    LPTIM2_IRQHandler                        0x080002c7   Thumb Code     0  startup_stm32h750xx.o(.text)
    LPTIM3_IRQHandler                        0x080002c7   Thumb Code     0  startup_stm32h750xx.o(.text)
    LPTIM4_IRQHandler                        0x080002c7   Thumb Code     0  startup_stm32h750xx.o(.text)
    LPTIM5_IRQHandler                        0x080002c7   Thumb Code     0  startup_stm32h750xx.o(.text)
    LPUART1_IRQHandler                       0x080002c7   Thumb Code     0  startup_stm32h750xx.o(.text)
    LTDC_ER_IRQHandler                       0x080002c7   Thumb Code     0  startup_stm32h750xx.o(.text)
    LTDC_IRQHandler                          0x080002c7   Thumb Code     0  startup_stm32h750xx.o(.text)
    MDIOS_IRQHandler                         0x080002c7   Thumb Code     0  startup_stm32h750xx.o(.text)
    MDIOS_WKUP_IRQHandler                    0x080002c7   Thumb Code     0  startup_stm32h750xx.o(.text)
    OTG_FS_EP1_IN_IRQHandler                 0x080002c7   Thumb Code     0  startup_stm32h750xx.o(.text)
    OTG_FS_EP1_OUT_IRQHandler                0x080002c7   Thumb Code     0  startup_stm32h750xx.o(.text)
    OTG_FS_IRQHandler                        0x080002c7   Thumb Code     0  startup_stm32h750xx.o(.text)
    OTG_FS_WKUP_IRQHandler                   0x080002c7   Thumb Code     0  startup_stm32h750xx.o(.text)
    OTG_HS_EP1_IN_IRQHandler                 0x080002c7   Thumb Code     0  startup_stm32h750xx.o(.text)
    OTG_HS_EP1_OUT_IRQHandler                0x080002c7   Thumb Code     0  startup_stm32h750xx.o(.text)
    OTG_HS_IRQHandler                        0x080002c7   Thumb Code     0  startup_stm32h750xx.o(.text)
    OTG_HS_WKUP_IRQHandler                   0x080002c7   Thumb Code     0  startup_stm32h750xx.o(.text)
    PVD_AVD_IRQHandler                       0x080002c7   Thumb Code     0  startup_stm32h750xx.o(.text)
    RCC_IRQHandler                           0x080002c7   Thumb Code     0  startup_stm32h750xx.o(.text)
    RTC_Alarm_IRQHandler                     0x080002c7   Thumb Code     0  startup_stm32h750xx.o(.text)
    RTC_WKUP_IRQHandler                      0x080002c7   Thumb Code     0  startup_stm32h750xx.o(.text)
    SAI1_IRQHandler                          0x080002c7   Thumb Code     0  startup_stm32h750xx.o(.text)
    SAI2_IRQHandler                          0x080002c7   Thumb Code     0  startup_stm32h750xx.o(.text)
    SAI3_IRQHandler                          0x080002c7   Thumb Code     0  startup_stm32h750xx.o(.text)
    SAI4_IRQHandler                          0x080002c7   Thumb Code     0  startup_stm32h750xx.o(.text)
    SDMMC1_IRQHandler                        0x080002c7   Thumb Code     0  startup_stm32h750xx.o(.text)
    SDMMC2_IRQHandler                        0x080002c7   Thumb Code     0  startup_stm32h750xx.o(.text)
    SPDIF_RX_IRQHandler                      0x080002c7   Thumb Code     0  startup_stm32h750xx.o(.text)
    SPI1_IRQHandler                          0x080002c7   Thumb Code     0  startup_stm32h750xx.o(.text)
    SPI2_IRQHandler                          0x080002c7   Thumb Code     0  startup_stm32h750xx.o(.text)
    SPI3_IRQHandler                          0x080002c7   Thumb Code     0  startup_stm32h750xx.o(.text)
    SPI4_IRQHandler                          0x080002c7   Thumb Code     0  startup_stm32h750xx.o(.text)
    SPI5_IRQHandler                          0x080002c7   Thumb Code     0  startup_stm32h750xx.o(.text)
    SPI6_IRQHandler                          0x080002c7   Thumb Code     0  startup_stm32h750xx.o(.text)
    SWPMI1_IRQHandler                        0x080002c7   Thumb Code     0  startup_stm32h750xx.o(.text)
    TAMP_STAMP_IRQHandler                    0x080002c7   Thumb Code     0  startup_stm32h750xx.o(.text)
    TIM15_IRQHandler                         0x080002c7   Thumb Code     0  startup_stm32h750xx.o(.text)
    TIM16_IRQHandler                         0x080002c7   Thumb Code     0  startup_stm32h750xx.o(.text)
    TIM17_IRQHandler                         0x080002c7   Thumb Code     0  startup_stm32h750xx.o(.text)
    TIM1_BRK_IRQHandler                      0x080002c7   Thumb Code     0  startup_stm32h750xx.o(.text)
    TIM1_CC_IRQHandler                       0x080002c7   Thumb Code     0  startup_stm32h750xx.o(.text)
    TIM1_TRG_COM_IRQHandler                  0x080002c7   Thumb Code     0  startup_stm32h750xx.o(.text)
    TIM1_UP_IRQHandler                       0x080002c7   Thumb Code     0  startup_stm32h750xx.o(.text)
    TIM2_IRQHandler                          0x080002c7   Thumb Code     0  startup_stm32h750xx.o(.text)
    TIM3_IRQHandler                          0x080002c7   Thumb Code     0  startup_stm32h750xx.o(.text)
    TIM4_IRQHandler                          0x080002c7   Thumb Code     0  startup_stm32h750xx.o(.text)
    TIM5_IRQHandler                          0x080002c7   Thumb Code     0  startup_stm32h750xx.o(.text)
    TIM6_DAC_IRQHandler                      0x080002c7   Thumb Code     0  startup_stm32h750xx.o(.text)
    TIM7_IRQHandler                          0x080002c7   Thumb Code     0  startup_stm32h750xx.o(.text)
    TIM8_BRK_TIM12_IRQHandler                0x080002c7   Thumb Code     0  startup_stm32h750xx.o(.text)
    TIM8_CC_IRQHandler                       0x080002c7   Thumb Code     0  startup_stm32h750xx.o(.text)
    TIM8_TRG_COM_TIM14_IRQHandler            0x080002c7   Thumb Code     0  startup_stm32h750xx.o(.text)
    TIM8_UP_TIM13_IRQHandler                 0x080002c7   Thumb Code     0  startup_stm32h750xx.o(.text)
    UART4_IRQHandler                         0x080002c7   Thumb Code     0  startup_stm32h750xx.o(.text)
    UART5_IRQHandler                         0x080002c7   Thumb Code     0  startup_stm32h750xx.o(.text)
    UART7_IRQHandler                         0x080002c7   Thumb Code     0  startup_stm32h750xx.o(.text)
    UART8_IRQHandler                         0x080002c7   Thumb Code     0  startup_stm32h750xx.o(.text)
    USART2_IRQHandler                        0x080002c7   Thumb Code     0  startup_stm32h750xx.o(.text)
    USART3_IRQHandler                        0x080002c7   Thumb Code     0  startup_stm32h750xx.o(.text)
    USART6_IRQHandler                        0x080002c7   Thumb Code     0  startup_stm32h750xx.o(.text)
    WAKEUP_PIN_IRQHandler                    0x080002c7   Thumb Code     0  startup_stm32h750xx.o(.text)
    WWDG_IRQHandler                          0x080002c7   Thumb Code     0  startup_stm32h750xx.o(.text)
    __aeabi_uldivmod                         0x080002d1   Thumb Code    98  uldiv.o(.text)
    __aeabi_memset                           0x08000333   Thumb Code    14  memseta.o(.text)
    __aeabi_memset4                          0x08000333   Thumb Code     0  memseta.o(.text)
    __aeabi_memset8                          0x08000333   Thumb Code     0  memseta.o(.text)
    __aeabi_memclr                           0x08000341   Thumb Code     4  memseta.o(.text)
    __aeabi_memclr4                          0x08000341   Thumb Code     0  memseta.o(.text)
    __aeabi_memclr8                          0x08000341   Thumb Code     0  memseta.o(.text)
    _memset$wrapper                          0x08000345   Thumb Code    18  memseta.o(.text)
    __aeabi_llsl                             0x08000357   Thumb Code    30  llshl.o(.text)
    _ll_shift_l                              0x08000357   Thumb Code     0  llshl.o(.text)
    __aeabi_llsr                             0x08000375   Thumb Code    32  llushr.o(.text)
    _ll_ushift_r                             0x08000375   Thumb Code     0  llushr.o(.text)
    __scatterload                            0x08000395   Thumb Code    28  init.o(.text)
    __scatterload_rt2                        0x08000395   Thumb Code     0  init.o(.text)
    __decompress                             0x080003b9   Thumb Code     0  __dczerorl2.o(.text)
    __decompress1                            0x080003b9   Thumb Code    86  __dczerorl2.o(.text)
    BusFault_Handler                         0x08000411   Thumb Code     2  stm32h7xx_it.o(.text.BusFault_Handler)
    CPU_CACHE_Enable                         0x08000419   Thumb Code   146  main.o(.text.CPU_CACHE_Enable)
    DebugMon_Handler                         0x080004b1   Thumb Code     2  stm32h7xx_it.o(.text.DebugMon_Handler)
    Error_Handler                            0x080004b9   Thumb Code    10  main.o(.text.Error_Handler)
    HAL_DMA_Abort                            0x080004c9   Thumb Code  1482  stm32h7xx_hal_dma.o(.text.HAL_DMA_Abort)
    HAL_DMA_Abort_IT                         0x08000a99   Thumb Code   686  stm32h7xx_hal_dma.o(.text.HAL_DMA_Abort_IT)
    HAL_Delay                                0x08000d49   Thumb Code    40  stm32h7xx_hal.o(.text.HAL_Delay)
    HAL_EnableCompensationCell               0x08000d71   Thumb Code    18  stm32h7xx_hal.o(.text.HAL_EnableCompensationCell)
    HAL_GPIO_Init                            0x08000d89   Thumb Code   416  stm32h7xx_hal_gpio.o(.text.HAL_GPIO_Init)
    HAL_GPIO_WritePin                        0x08000f29   Thumb Code    10  stm32h7xx_hal_gpio.o(.text.HAL_GPIO_WritePin)
    HAL_GetREVID                             0x08000f39   Thumb Code    14  stm32h7xx_hal.o(.text.HAL_GetREVID)
    HAL_GetTick                              0x08000f49   Thumb Code    12  stm32h7xx_hal.o(.text.HAL_GetTick)
    HAL_IncTick                              0x08000f59   Thumb Code    26  stm32h7xx_hal.o(.text.HAL_IncTick)
    HAL_Init                                 0x08000f79   Thumb Code   100  stm32h7xx_hal.o(.text.HAL_Init)
    HAL_InitTick                             0x08000fe1   Thumb Code    84  stm32h7xx_hal.o(.text.HAL_InitTick)
    HAL_MDMA_Abort_IT                        0x08001039   Thumb Code    42  stm32h7xx_hal_mdma.o(.text.HAL_MDMA_Abort_IT)
    HAL_MDMA_DeInit                          0x08001069   Thumb Code    62  stm32h7xx_hal_mdma.o(.text.HAL_MDMA_DeInit)
    HAL_MDMA_IRQHandler                      0x080010a9   Thumb Code   430  stm32h7xx_hal_mdma.o(.text.HAL_MDMA_IRQHandler)
    HAL_MDMA_Init                            0x08001259   Thumb Code    92  stm32h7xx_hal_mdma.o(.text.HAL_MDMA_Init)
    HAL_MDMA_Start_IT                        0x080012b9   Thumb Code   168  stm32h7xx_hal_mdma.o(.text.HAL_MDMA_Start_IT)
    HAL_MPU_ConfigRegion                     0x08001361   Thumb Code    94  stm32h7xx_hal_cortex.o(.text.HAL_MPU_ConfigRegion)
    HAL_MPU_Disable                          0x080013c1   Thumb Code    26  stm32h7xx_hal_cortex.o(.text.HAL_MPU_Disable)
    HAL_MPU_Enable                           0x080013e1   Thumb Code    32  stm32h7xx_hal_cortex.o(.text.HAL_MPU_Enable)
    HAL_MspInit                              0x08001401   Thumb Code    32  stm32h7xx_hal_msp.o(.text.HAL_MspInit)
    HAL_NVIC_EnableIRQ                       0x08001421   Thumb Code     8  stm32h7xx_hal_cortex.o(.text.HAL_NVIC_EnableIRQ)
    HAL_NVIC_SetPriority                     0x08001429   Thumb Code    30  stm32h7xx_hal_cortex.o(.text.HAL_NVIC_SetPriority)
    HAL_NVIC_SetPriorityGrouping             0x08001449   Thumb Code     8  stm32h7xx_hal_cortex.o(.text.HAL_NVIC_SetPriorityGrouping)
    HAL_PWREx_ConfigSupply                   0x08001451   Thumb Code    72  stm32h7xx_hal_pwr_ex.o(.text.HAL_PWREx_ConfigSupply)
    HAL_QSPI_AbortCpltCallback               0x08001499   Thumb Code     2  stm32h7xx_hal_qspi.o(.text.HAL_QSPI_AbortCpltCallback)
    HAL_QSPI_Abort_IT                        0x080014a1   Thumb Code   124  stm32h7xx_hal_qspi.o(.text.HAL_QSPI_Abort_IT)
    HAL_QSPI_CmdCpltCallback                 0x08001521   Thumb Code     2  stm32h7xx_hal_qspi.o(.text.HAL_QSPI_CmdCpltCallback)
    HAL_QSPI_Command                         0x08001529   Thumb Code   144  stm32h7xx_hal_qspi.o(.text.HAL_QSPI_Command)
    HAL_QSPI_ErrorCallback                   0x080015b9   Thumb Code     2  stm32h7xx_hal_qspi.o(.text.HAL_QSPI_ErrorCallback)
    HAL_QSPI_FifoThresholdCallback           0x080015c1   Thumb Code     2  stm32h7xx_hal_qspi.o(.text.HAL_QSPI_FifoThresholdCallback)
    HAL_QSPI_IRQHandler                      0x080015c9   Thumb Code   502  stm32h7xx_hal_qspi.o(.text.HAL_QSPI_IRQHandler)
    HAL_QSPI_Init                            0x080017c1   Thumb Code   182  stm32h7xx_hal_qspi.o(.text.HAL_QSPI_Init)
    HAL_QSPI_MspInit                         0x08001879   Thumb Code     2  stm32h7xx_hal_qspi.o(.text.HAL_QSPI_MspInit)
    HAL_QSPI_RxCpltCallback                  0x08001881   Thumb Code     2  stm32h7xx_hal_qspi.o(.text.HAL_QSPI_RxCpltCallback)
    HAL_QSPI_SetTimeout                      0x08001889   Thumb Code     4  stm32h7xx_hal_qspi.o(.text.HAL_QSPI_SetTimeout)
    HAL_QSPI_StatusMatchCallback             0x08001891   Thumb Code     2  stm32h7xx_hal_qspi.o(.text.HAL_QSPI_StatusMatchCallback)
    HAL_QSPI_TimeOutCallback                 0x08001899   Thumb Code     2  stm32h7xx_hal_qspi.o(.text.HAL_QSPI_TimeOutCallback)
    HAL_QSPI_Transmit                        0x080018a1   Thumb Code   202  stm32h7xx_hal_qspi.o(.text.HAL_QSPI_Transmit)
    HAL_QSPI_Transmit_DMA                    0x08001971   Thumb Code   290  stm32h7xx_hal_qspi.o(.text.HAL_QSPI_Transmit_DMA)
    HAL_QSPI_TxCpltCallback                  0x08001a99   Thumb Code     2  stm32h7xx_hal_qspi.o(.text.HAL_QSPI_TxCpltCallback)
    HAL_RCCEx_GetD3PCLK1Freq                 0x08001aa1   Thumb Code    38  stm32h7xx_hal_rcc_ex.o(.text.HAL_RCCEx_GetD3PCLK1Freq)
    HAL_RCCEx_GetPLL2ClockFreq               0x08001ac9   Thumb Code   296  stm32h7xx_hal_rcc_ex.o(.text.HAL_RCCEx_GetPLL2ClockFreq)
    HAL_RCCEx_GetPLL3ClockFreq               0x08001bf1   Thumb Code   296  stm32h7xx_hal_rcc_ex.o(.text.HAL_RCCEx_GetPLL3ClockFreq)
    HAL_RCCEx_PeriphCLKConfig                0x08001d19   Thumb Code  2576  stm32h7xx_hal_rcc_ex.o(.text.HAL_RCCEx_PeriphCLKConfig)
    HAL_RCC_ClockConfig                      0x08002729   Thumb Code   592  stm32h7xx_hal_rcc.o(.text.HAL_RCC_ClockConfig)
    HAL_RCC_GetHCLKFreq                      0x08002979   Thumb Code    76  stm32h7xx_hal_rcc.o(.text.HAL_RCC_GetHCLKFreq)
    HAL_RCC_GetPCLK1Freq                     0x080029c9   Thumb Code    38  stm32h7xx_hal_rcc.o(.text.HAL_RCC_GetPCLK1Freq)
    HAL_RCC_GetPCLK2Freq                     0x080029f1   Thumb Code    38  stm32h7xx_hal_rcc.o(.text.HAL_RCC_GetPCLK2Freq)
    HAL_RCC_GetSysClockFreq                  0x08002a19   Thumb Code   264  stm32h7xx_hal_rcc.o(.text.HAL_RCC_GetSysClockFreq)
    HAL_RCC_OscConfig                        0x08002b21   Thumb Code  1330  stm32h7xx_hal_rcc.o(.text.HAL_RCC_OscConfig)
    HAL_SYSTICK_Config                       0x08003059   Thumb Code     8  stm32h7xx_hal_cortex.o(.text.HAL_SYSTICK_Config)
    HAL_UARTEx_DisableFifoMode               0x08003061   Thumb Code    54  stm32h7xx_hal_uart_ex.o(.text.HAL_UARTEx_DisableFifoMode)
    HAL_UARTEx_RxEventCallback               0x08003099   Thumb Code     2  stm32h7xx_hal_uart.o(.text.HAL_UARTEx_RxEventCallback)
    HAL_UARTEx_RxFifoFullCallback            0x080030a1   Thumb Code     2  stm32h7xx_hal_uart_ex.o(.text.HAL_UARTEx_RxFifoFullCallback)
    HAL_UARTEx_SetRxFifoThreshold            0x080030a9   Thumb Code    74  stm32h7xx_hal_uart_ex.o(.text.HAL_UARTEx_SetRxFifoThreshold)
    HAL_UARTEx_SetTxFifoThreshold            0x080030f9   Thumb Code    74  stm32h7xx_hal_uart_ex.o(.text.HAL_UARTEx_SetTxFifoThreshold)
    HAL_UARTEx_TxFifoEmptyCallback           0x08003149   Thumb Code     2  stm32h7xx_hal_uart_ex.o(.text.HAL_UARTEx_TxFifoEmptyCallback)
    HAL_UARTEx_WakeupCallback                0x08003151   Thumb Code     2  stm32h7xx_hal_uart_ex.o(.text.HAL_UARTEx_WakeupCallback)
    HAL_UART_ErrorCallback                   0x08003159   Thumb Code     2  stm32h7xx_hal_uart.o(.text.HAL_UART_ErrorCallback)
    HAL_UART_IRQHandler                      0x08003161   Thumb Code  1000  stm32h7xx_hal_uart.o(.text.HAL_UART_IRQHandler)
    HAL_UART_Init                            0x08003549   Thumb Code    98  stm32h7xx_hal_uart.o(.text.HAL_UART_Init)
    HAL_UART_MspInit                         0x080035b1   Thumb Code   160  usart.o(.text.HAL_UART_MspInit)
    HAL_UART_Transmit                        0x08003651   Thumb Code   198  stm32h7xx_hal_uart.o(.text.HAL_UART_Transmit)
    HAL_UART_TxCpltCallback                  0x08003719   Thumb Code     2  stm32h7xx_hal_uart.o(.text.HAL_UART_TxCpltCallback)
    HardFault_Handler                        0x08003721   Thumb Code     2  stm32h7xx_it.o(.text.HardFault_Handler)
    LCD_4LineTransmit_DATA                   0x08003729   Thumb Code    74  lcd_init.o(.text.LCD_4LineTransmit_DATA)
    LCD_4LineTransmit_DATA_DMA               0x08003779   Thumb Code   114  lcd_init.o(.text.LCD_4LineTransmit_DATA_DMA)
    LCD_Address_Set                          0x080037f1   Thumb Code    70  lcd_init.o(.text.LCD_Address_Set)
    LCD_Fill1                                0x08003839   Thumb Code   108  lcd.o(.text.LCD_Fill1)
    LCD_Init                                 0x080038a9   Thumb Code   140  lcd_init.o(.text.LCD_Init)
    LCD_RGB233toRGB565                       0x08003939   Thumb Code    48  lcd.o(.text.LCD_RGB233toRGB565)
    LCD_ShowChar                             0x08003969   Thumb Code   266  lcd.o(.text.LCD_ShowChar)
    LCD_ShowPicture232                       0x08003a79   Thumb Code   122  lcd.o(.text.LCD_ShowPicture232)
    LCD_ShowString                           0x08003af9   Thumb Code    64  lcd.o(.text.LCD_ShowString)
    LCD_WR_REG                               0x08003b39   Thumb Code    70  lcd_init.o(.text.LCD_WR_REG)
    MDMA_IRQHandler                          0x08003b81   Thumb Code    18  stm32h7xx_it.o(.text.MDMA_IRQHandler)
    MX_GPIO_Init                             0x08003cf9   Thumb Code   122  gpio.o(.text.MX_GPIO_Init)
    MX_USART1_UART_Init                      0x08003d79   Thumb Code   122  usart.o(.text.MX_USART1_UART_Init)
    MemManage_Handler                        0x08003df9   Thumb Code     2  stm32h7xx_it.o(.text.MemManage_Handler)
    NMI_Handler                              0x08003e01   Thumb Code     2  stm32h7xx_it.o(.text.NMI_Handler)
    PendSV_Handler                           0x08003e39   Thumb Code     2  stm32h7xx_it.o(.text.PendSV_Handler)
    QSPI_GPIOInit                            0x08004031   Thumb Code   192  qspi.o(.text.QSPI_GPIOInit)
    QSPI_Init                                0x080040f1   Thumb Code   284  qspi.o(.text.QSPI_Init)
    QUADSPI_IRQHandler                       0x08004281   Thumb Code    16  stm32h7xx_it.o(.text.QUADSPI_IRQHandler)
    SVC_Handler                              0x080044d1   Thumb Code     2  stm32h7xx_it.o(.text.SVC_Handler)
    SysTick_Handler                          0x08004509   Thumb Code     8  stm32h7xx_it.o(.text.SysTick_Handler)
    SystemClock_Config                       0x08004511   Thumb Code   232  main.o(.text.SystemClock_Config)
    SystemInit                               0x080045f9   Thumb Code   204  system_stm32h7xx.o(.text.SystemInit)
    UART_AdvFeatureConfig                    0x08004721   Thumb Code   224  stm32h7xx_hal_uart.o(.text.UART_AdvFeatureConfig)
    UART_CheckIdleState                      0x08004801   Thumb Code   184  stm32h7xx_hal_uart.o(.text.UART_CheckIdleState)
    UART_SetConfig                           0x08004959   Thumb Code  1410  stm32h7xx_hal_uart.o(.text.UART_SetConfig)
    UART_WaitOnFlagUntilTimeout              0x08004ee1   Thumb Code   186  stm32h7xx_hal_uart.o(.text.UART_WaitOnFlagUntilTimeout)
    USART1_IRQHandler                        0x08004fa1   Thumb Code    16  stm32h7xx_it.o(.text.USART1_IRQHandler)
    UsageFault_Handler                       0x08004fb1   Thumb Code     2  stm32h7xx_it.o(.text.UsageFault_Handler)
    fputc                                    0x08005031   Thumb Code    30  usart.o(.text.fputc)
    main                                     0x08005051   Thumb Code   896  main.o(.text.main)
    __0printf$bare                           0x080053d1   Thumb Code     8  printfb.o(i.__0printf$bare)
    __1printf$bare                           0x080053d1   Thumb Code     0  printfb.o(i.__0printf$bare)
    __2printf                                0x080053d1   Thumb Code     0  printfb.o(i.__0printf$bare)
    __scatterload_copy                       0x080053e1   Thumb Code    14  handlers.o(i.__scatterload_copy)
    __scatterload_null                       0x080053ef   Thumb Code     2  handlers.o(i.__scatterload_null)
    __scatterload_zeroinit                   0x080053f1   Thumb Code    14  handlers.o(i.__scatterload_zeroinit)
    D1CorePrescTable                         0x08005420   Data          16  system_stm32h7xx.o(.rodata.D1CorePrescTable)
    UARTPrescTable                           0x08005430   Data          24  stm32h7xx_hal_uart.o(.rodata.UARTPrescTable)
    ascii_1608                               0x08005448   Data        1520  lcd.o(.rodata.ascii_1608)
    ascii_2412                               0x08005a38   Data        4560  lcd.o(.rodata.ascii_2412)
    ascii_3216                               0x08006c08   Data        6080  lcd.o(.rodata.ascii_3216)
    gImage_1                                 0x080083d8   Data       57600  main.o(.rodata.gImage_1)
    gImage_2                                 0x080164d8   Data       30720  main.o(.rodata.gImage_2)
    Region$$Table$$Base                      0x0801dcd8   Number         0  anon$$obj.o(Region$$Table)
    Region$$Table$$Limit                     0x0801dcf8   Number         0  anon$$obj.o(Region$$Table)
    SPD2010_init_cmds                        0x24052e20   Data        5490  lcd_init.o(.data.SPD2010_init_cmds)
    SystemCoreClock                          0x24054394   Data           4  system_stm32h7xx.o(.data.SystemCoreClock)
    SystemD2Clock                            0x24054398   Data           4  system_stm32h7xx.o(.data.SystemD2Clock)
    uwTickFreq                               0x2405439c   Data           1  stm32h7xx_hal.o(.data.uwTickFreq)
    uwTickPrio                               0x240543a0   Data           4  stm32h7xx_hal.o(.data.uwTickPrio)
    QSPI_CmdInitStructure                    0x240543a8   Data          56  qspi.o(.bss.QSPI_CmdInitStructure)
    QSPI_Handler                             0x240543e0   Data          76  qspi.o(.bss.QSPI_Handler)
    __stdout                                 0x2405442c   Data          84  usart.o(.bss.__stdout)
    hmdma                                    0x24054480   Data         108  qspi.o(.bss.hmdma)
    huart1                                   0x240544ec   Data         148  usart.o(.bss.huart1)
    uwTick                                   0x24054580   Data           4  stm32h7xx_hal.o(.bss.uwTick)
    __initial_sp                             0x24055588   Data           0  startup_stm32h750xx.o(STACK)



==============================================================================

Memory Map of the image

  Image Entry point : 0x08000299

  Load Region LR_IROM1 (Base: 0x08000000, Size: 0x000720a0, Max: 0x00020000, ABSOLUTE, COMPRESSED[0x0001ebc8])

    Execution Region ER_IROM1 (Exec base: 0x08000000, Load base: 0x08000000, Size: 0x0001dcf8, Max: 0x00020000, ABSOLUTE)

    Exec Addr    Load Addr    Size         Type   Attr      Idx    E Section Name        Object

    0x08000000   0x08000000   0x00000298   Data   RO            3    RESET               startup_stm32h750xx.o
    0x08000298   0x08000298   0x00000000   Code   RO         1371  * .ARM.Collect$$$$00000000  mc_w.l(entry.o)
    0x08000298   0x08000298   0x00000004   Code   RO         1638    .ARM.Collect$$$$00000001  mc_w.l(entry2.o)
    0x0800029c   0x0800029c   0x00000004   Code   RO         1641    .ARM.Collect$$$$00000004  mc_w.l(entry5.o)
    0x080002a0   0x080002a0   0x00000000   Code   RO         1643    .ARM.Collect$$$$00000008  mc_w.l(entry7b.o)
    0x080002a0   0x080002a0   0x00000000   Code   RO         1645    .ARM.Collect$$$$0000000A  mc_w.l(entry8b.o)
    0x080002a0   0x080002a0   0x00000008   Code   RO         1646    .ARM.Collect$$$$0000000B  mc_w.l(entry9a.o)
    0x080002a8   0x080002a8   0x00000000   Code   RO         1648    .ARM.Collect$$$$0000000D  mc_w.l(entry10a.o)
    0x080002a8   0x080002a8   0x00000000   Code   RO         1650    .ARM.Collect$$$$0000000F  mc_w.l(entry11a.o)
    0x080002a8   0x080002a8   0x00000004   Code   RO         1639    .ARM.Collect$$$$00002712  mc_w.l(entry2.o)
    0x080002ac   0x080002ac   0x00000024   Code   RO            4    .text               startup_stm32h750xx.o
    0x080002d0   0x080002d0   0x00000062   Code   RO         1374    .text               mc_w.l(uldiv.o)
    0x08000332   0x08000332   0x00000024   Code   RO         1376    .text               mc_w.l(memseta.o)
    0x08000356   0x08000356   0x0000001e   Code   RO         1654    .text               mc_w.l(llshl.o)
    0x08000374   0x08000374   0x00000020   Code   RO         1656    .text               mc_w.l(llushr.o)
    0x08000394   0x08000394   0x00000024   Code   RO         1669    .text               mc_w.l(init.o)
    0x080003b8   0x080003b8   0x00000056   Code   RO         1683    .text               mc_w.l(__dczerorl2.o)
    0x0800040e   0x0800040e   0x00000002   PAD
    0x08000410   0x08000410   0x00000002   Code   RO           65    .text.BusFault_Handler  stm32h7xx_it.o
    0x08000412   0x08000412   0x00000006   PAD
    0x08000418   0x08000418   0x00000092   Code   RO           11    .text.CPU_CACHE_Enable  main.o
    0x080004aa   0x080004aa   0x00000006   PAD
    0x080004b0   0x080004b0   0x00000002   Code   RO           71    .text.DebugMon_Handler  stm32h7xx_it.o
    0x080004b2   0x080004b2   0x00000006   PAD
    0x080004b8   0x080004b8   0x0000000a   Code   RO           19    .text.Error_Handler  main.o
    0x080004c2   0x080004c2   0x00000006   PAD
    0x080004c8   0x080004c8   0x000005ca   Code   RO          637    .text.HAL_DMA_Abort  stm32h7xx_hal_dma.o
    0x08000a92   0x08000a92   0x00000006   PAD
    0x08000a98   0x08000a98   0x000002ae   Code   RO          639    .text.HAL_DMA_Abort_IT  stm32h7xx_hal_dma.o
    0x08000d46   0x08000d46   0x00000002   PAD
    0x08000d48   0x08000d48   0x00000028   Code   RO          887    .text.HAL_Delay     stm32h7xx_hal.o
    0x08000d70   0x08000d70   0x00000012   Code   RO          925    .text.HAL_EnableCompensationCell  stm32h7xx_hal.o
    0x08000d82   0x08000d82   0x00000006   PAD
    0x08000d88   0x08000d88   0x000001a0   Code   RO          565    .text.HAL_GPIO_Init  stm32h7xx_hal_gpio.o
    0x08000f28   0x08000f28   0x0000000a   Code   RO          571    .text.HAL_GPIO_WritePin  stm32h7xx_hal_gpio.o
    0x08000f32   0x08000f32   0x00000006   PAD
    0x08000f38   0x08000f38   0x0000000e   Code   RO          895    .text.HAL_GetREVID  stm32h7xx_hal.o
    0x08000f46   0x08000f46   0x00000002   PAD
    0x08000f48   0x08000f48   0x0000000c   Code   RO          879    .text.HAL_GetTick   stm32h7xx_hal.o
    0x08000f54   0x08000f54   0x00000004   PAD
    0x08000f58   0x08000f58   0x0000001a   Code   RO          877    .text.HAL_IncTick   stm32h7xx_hal.o
    0x08000f72   0x08000f72   0x00000006   PAD
    0x08000f78   0x08000f78   0x00000064   Code   RO          867    .text.HAL_Init      stm32h7xx_hal.o
    0x08000fdc   0x08000fdc   0x00000004   PAD
    0x08000fe0   0x08000fe0   0x00000054   Code   RO          869    .text.HAL_InitTick  stm32h7xx_hal.o
    0x08001034   0x08001034   0x00000004   PAD
    0x08001038   0x08001038   0x0000002a   Code   RO          717    .text.HAL_MDMA_Abort_IT  stm32h7xx_hal_mdma.o
    0x08001062   0x08001062   0x00000006   PAD
    0x08001068   0x08001068   0x0000003e   Code   RO          691    .text.HAL_MDMA_DeInit  stm32h7xx_hal_mdma.o
    0x080010a6   0x080010a6   0x00000002   PAD
    0x080010a8   0x080010a8   0x000001ae   Code   RO          723    .text.HAL_MDMA_IRQHandler  stm32h7xx_hal_mdma.o
    0x08001256   0x08001256   0x00000002   PAD
    0x08001258   0x08001258   0x0000005c   Code   RO          687    .text.HAL_MDMA_Init  stm32h7xx_hal_mdma.o
    0x080012b4   0x080012b4   0x00000004   PAD
    0x080012b8   0x080012b8   0x000000a8   Code   RO          713    .text.HAL_MDMA_Start_IT  stm32h7xx_hal_mdma.o
    0x08001360   0x08001360   0x0000005e   Code   RO          130    .text.HAL_MPU_ConfigRegion  stm32h7xx_hal_cortex.o
    0x080013be   0x080013be   0x00000002   PAD
    0x080013c0   0x080013c0   0x0000001a   Code   RO          126    .text.HAL_MPU_Disable  stm32h7xx_hal_cortex.o
    0x080013da   0x080013da   0x00000006   PAD
    0x080013e0   0x080013e0   0x00000020   Code   RO          128    .text.HAL_MPU_Enable  stm32h7xx_hal_cortex.o
    0x08001400   0x08001400   0x00000020   Code   RO           90    .text.HAL_MspInit   stm32h7xx_hal_msp.o
    0x08001420   0x08001420   0x00000008   Code   RO          110    .text.HAL_NVIC_EnableIRQ  stm32h7xx_hal_cortex.o
    0x08001428   0x08001428   0x0000001e   Code   RO          102    .text.HAL_NVIC_SetPriority  stm32h7xx_hal_cortex.o
    0x08001446   0x08001446   0x00000002   PAD
    0x08001448   0x08001448   0x00000008   Code   RO           98    .text.HAL_NVIC_SetPriorityGrouping  stm32h7xx_hal_cortex.o
    0x08001450   0x08001450   0x00000048   Code   RO          779    .text.HAL_PWREx_ConfigSupply  stm32h7xx_hal_pwr_ex.o
    0x08001498   0x08001498   0x00000002   Code   RO         1212    .text.HAL_QSPI_AbortCpltCallback  stm32h7xx_hal_qspi.o
    0x0800149a   0x0800149a   0x00000006   PAD
    0x080014a0   0x080014a0   0x0000007c   Code   RO         1258    .text.HAL_QSPI_Abort_IT  stm32h7xx_hal_qspi.o
    0x0800151c   0x0800151c   0x00000004   PAD
    0x08001520   0x08001520   0x00000002   Code   RO         1210    .text.HAL_QSPI_CmdCpltCallback  stm32h7xx_hal_qspi.o
    0x08001522   0x08001522   0x00000006   PAD
    0x08001528   0x08001528   0x00000090   Code   RO         1222    .text.HAL_QSPI_Command  stm32h7xx_hal_qspi.o
    0x080015b8   0x080015b8   0x00000002   Code   RO         1214    .text.HAL_QSPI_ErrorCallback  stm32h7xx_hal_qspi.o
    0x080015ba   0x080015ba   0x00000006   PAD
    0x080015c0   0x080015c0   0x00000002   Code   RO         1204    .text.HAL_QSPI_FifoThresholdCallback  stm32h7xx_hal_qspi.o
    0x080015c2   0x080015c2   0x00000006   PAD
    0x080015c8   0x080015c8   0x000001f6   Code   RO         1202    .text.HAL_QSPI_IRQHandler  stm32h7xx_hal_qspi.o
    0x080017be   0x080017be   0x00000002   PAD
    0x080017c0   0x080017c0   0x000000b6   Code   RO         1190    .text.HAL_QSPI_Init  stm32h7xx_hal_qspi.o
    0x08001876   0x08001876   0x00000002   PAD
    0x08001878   0x08001878   0x00000002   Code   RO         1192    .text.HAL_QSPI_MspInit  stm32h7xx_hal_qspi.o
    0x0800187a   0x0800187a   0x00000006   PAD
    0x08001880   0x08001880   0x00000002   Code   RO         1208    .text.HAL_QSPI_RxCpltCallback  stm32h7xx_hal_qspi.o
    0x08001882   0x08001882   0x00000006   PAD
    0x08001888   0x08001888   0x00000004   Code   RO         1194    .text.HAL_QSPI_SetTimeout  stm32h7xx_hal_qspi.o
    0x0800188c   0x0800188c   0x00000004   PAD
    0x08001890   0x08001890   0x00000002   Code   RO         1216    .text.HAL_QSPI_StatusMatchCallback  stm32h7xx_hal_qspi.o
    0x08001892   0x08001892   0x00000006   PAD
    0x08001898   0x08001898   0x00000002   Code   RO         1220    .text.HAL_QSPI_TimeOutCallback  stm32h7xx_hal_qspi.o
    0x0800189a   0x0800189a   0x00000006   PAD
    0x080018a0   0x080018a0   0x000000ca   Code   RO         1228    .text.HAL_QSPI_Transmit  stm32h7xx_hal_qspi.o
    0x0800196a   0x0800196a   0x00000006   PAD
    0x08001970   0x08001970   0x00000122   Code   RO         1236    .text.HAL_QSPI_Transmit_DMA  stm32h7xx_hal_qspi.o
    0x08001a92   0x08001a92   0x00000006   PAD
    0x08001a98   0x08001a98   0x00000002   Code   RO         1206    .text.HAL_QSPI_TxCpltCallback  stm32h7xx_hal_qspi.o
    0x08001a9a   0x08001a9a   0x00000006   PAD
    0x08001aa0   0x08001aa0   0x00000026   Code   RO          420    .text.HAL_RCCEx_GetD3PCLK1Freq  stm32h7xx_hal_rcc_ex.o
    0x08001ac6   0x08001ac6   0x00000002   PAD
    0x08001ac8   0x08001ac8   0x00000128   Code   RO          416    .text.HAL_RCCEx_GetPLL2ClockFreq  stm32h7xx_hal_rcc_ex.o
    0x08001bf0   0x08001bf0   0x00000128   Code   RO          418    .text.HAL_RCCEx_GetPLL3ClockFreq  stm32h7xx_hal_rcc_ex.o
    0x08001d18   0x08001d18   0x00000a10   Code   RO          404    .text.HAL_RCCEx_PeriphCLKConfig  stm32h7xx_hal_rcc_ex.o
    0x08002728   0x08002728   0x00000250   Code   RO          372    .text.HAL_RCC_ClockConfig  stm32h7xx_hal_rcc.o
    0x08002978   0x08002978   0x0000004c   Code   RO          382    .text.HAL_RCC_GetHCLKFreq  stm32h7xx_hal_rcc.o
    0x080029c4   0x080029c4   0x00000004   PAD
    0x080029c8   0x080029c8   0x00000026   Code   RO          384    .text.HAL_RCC_GetPCLK1Freq  stm32h7xx_hal_rcc.o
    0x080029ee   0x080029ee   0x00000002   PAD
    0x080029f0   0x080029f0   0x00000026   Code   RO          386    .text.HAL_RCC_GetPCLK2Freq  stm32h7xx_hal_rcc.o
    0x08002a16   0x08002a16   0x00000002   PAD
    0x08002a18   0x08002a18   0x00000108   Code   RO          374    .text.HAL_RCC_GetSysClockFreq  stm32h7xx_hal_rcc.o
    0x08002b20   0x08002b20   0x00000532   Code   RO          370    .text.HAL_RCC_OscConfig  stm32h7xx_hal_rcc.o
    0x08003052   0x08003052   0x00000006   PAD
    0x08003058   0x08003058   0x00000008   Code   RO          122    .text.HAL_SYSTICK_Config  stm32h7xx_hal_cortex.o
    0x08003060   0x08003060   0x00000036   Code   RO          345    .text.HAL_UARTEx_DisableFifoMode  stm32h7xx_hal_uart_ex.o
    0x08003096   0x08003096   0x00000002   PAD
    0x08003098   0x08003098   0x00000002   Code   RO          268    .text.HAL_UARTEx_RxEventCallback  stm32h7xx_hal_uart.o
    0x0800309a   0x0800309a   0x00000006   PAD
    0x080030a0   0x080030a0   0x00000002   Code   RO          327    .text.HAL_UARTEx_RxFifoFullCallback  stm32h7xx_hal_uart_ex.o
    0x080030a2   0x080030a2   0x00000006   PAD
    0x080030a8   0x080030a8   0x0000004a   Code   RO          349    .text.HAL_UARTEx_SetRxFifoThreshold  stm32h7xx_hal_uart_ex.o
    0x080030f2   0x080030f2   0x00000006   PAD
    0x080030f8   0x080030f8   0x0000004a   Code   RO          347    .text.HAL_UARTEx_SetTxFifoThreshold  stm32h7xx_hal_uart_ex.o
    0x08003142   0x08003142   0x00000006   PAD
    0x08003148   0x08003148   0x00000002   Code   RO          329    .text.HAL_UARTEx_TxFifoEmptyCallback  stm32h7xx_hal_uart_ex.o
    0x0800314a   0x0800314a   0x00000006   PAD
    0x08003150   0x08003150   0x00000002   Code   RO          325    .text.HAL_UARTEx_WakeupCallback  stm32h7xx_hal_uart_ex.o
    0x08003152   0x08003152   0x00000006   PAD
    0x08003158   0x08003158   0x00000002   Code   RO          266    .text.HAL_UART_ErrorCallback  stm32h7xx_hal_uart.o
    0x0800315a   0x0800315a   0x00000006   PAD
    0x08003160   0x08003160   0x000003e8   Code   RO          262    .text.HAL_UART_IRQHandler  stm32h7xx_hal_uart.o
    0x08003548   0x08003548   0x00000062   Code   RO          174    .text.HAL_UART_Init  stm32h7xx_hal_uart.o
    0x080035aa   0x080035aa   0x00000006   PAD
    0x080035b0   0x080035b0   0x000000a0   Code   RO           45    .text.HAL_UART_MspInit  usart.o
    0x08003650   0x08003650   0x000000c6   Code   RO          194    .text.HAL_UART_Transmit  stm32h7xx_hal_uart.o
    0x08003716   0x08003716   0x00000002   PAD
    0x08003718   0x08003718   0x00000002   Code   RO          272    .text.HAL_UART_TxCpltCallback  stm32h7xx_hal_uart.o
    0x0800371a   0x0800371a   0x00000006   PAD
    0x08003720   0x08003720   0x00000002   Code   RO           61    .text.HardFault_Handler  stm32h7xx_it.o
    0x08003722   0x08003722   0x00000006   PAD
    0x08003728   0x08003728   0x0000004a   Code   RO         1311    .text.LCD_4LineTransmit_DATA  lcd_init.o
    0x08003772   0x08003772   0x00000006   PAD
    0x08003778   0x08003778   0x00000072   Code   RO         1313    .text.LCD_4LineTransmit_DATA_DMA  lcd_init.o
    0x080037ea   0x080037ea   0x00000006   PAD
    0x080037f0   0x080037f0   0x00000046   Code   RO         1315    .text.LCD_Address_Set  lcd_init.o
    0x08003836   0x08003836   0x00000002   PAD
    0x08003838   0x08003838   0x0000006c   Code   RO         1330    .text.LCD_Fill1     lcd.o
    0x080038a4   0x080038a4   0x00000004   PAD
    0x080038a8   0x080038a8   0x0000008c   Code   RO         1317    .text.LCD_Init      lcd_init.o
    0x08003934   0x08003934   0x00000004   PAD
    0x08003938   0x08003938   0x00000030   Code   RO         1328    .text.LCD_RGB233toRGB565  lcd.o
    0x08003968   0x08003968   0x0000010a   Code   RO         1342    .text.LCD_ShowChar  lcd.o
    0x08003a72   0x08003a72   0x00000006   PAD
    0x08003a78   0x08003a78   0x0000007a   Code   RO         1354    .text.LCD_ShowPicture232  lcd.o
    0x08003af2   0x08003af2   0x00000006   PAD
    0x08003af8   0x08003af8   0x00000040   Code   RO         1344    .text.LCD_ShowString  lcd.o
    0x08003b38   0x08003b38   0x00000046   Code   RO         1303    .text.LCD_WR_REG    lcd_init.o
    0x08003b7e   0x08003b7e   0x00000002   PAD
    0x08003b80   0x08003b80   0x00000012   Code   RO           81    .text.MDMA_IRQHandler  stm32h7xx_it.o
    0x08003b92   0x08003b92   0x00000006   PAD
    0x08003b98   0x08003b98   0x0000009c   Code   RO          689    .text.MDMA_Init     stm32h7xx_hal_mdma.o
    0x08003c34   0x08003c34   0x00000004   PAD
    0x08003c38   0x08003c38   0x0000007a   Code   RO          711    .text.MDMA_SetConfig  stm32h7xx_hal_mdma.o
    0x08003cb2   0x08003cb2   0x00000006   PAD
    0x08003cb8   0x08003cb8   0x0000003e   Code   RO           15    .text.MPU_Config    main.o
    0x08003cf6   0x08003cf6   0x00000002   PAD
    0x08003cf8   0x08003cf8   0x0000007a   Code   RO           32    .text.MX_GPIO_Init  gpio.o
    0x08003d72   0x08003d72   0x00000006   PAD
    0x08003d78   0x08003d78   0x0000007a   Code   RO           43    .text.MX_USART1_UART_Init  usart.o
    0x08003df2   0x08003df2   0x00000006   PAD
    0x08003df8   0x08003df8   0x00000002   Code   RO           63    .text.MemManage_Handler  stm32h7xx_it.o
    0x08003dfa   0x08003dfa   0x00000006   PAD
    0x08003e00   0x08003e00   0x00000002   Code   RO           59    .text.NMI_Handler   stm32h7xx_it.o
    0x08003e02   0x08003e02   0x00000006   PAD
    0x08003e08   0x08003e08   0x0000002e   Code   RO          108    .text.NVIC_EncodePriority  stm32h7xx_hal_cortex.o
    0x08003e36   0x08003e36   0x00000002   PAD
    0x08003e38   0x08003e38   0x00000002   Code   RO           73    .text.PendSV_Handler  stm32h7xx_it.o
    0x08003e3a   0x08003e3a   0x00000006   PAD
    0x08003e40   0x08003e40   0x00000174   Code   RO         1224    .text.QSPI_Config   stm32h7xx_hal_qspi.o
    0x08003fb4   0x08003fb4   0x00000004   PAD
    0x08003fb8   0x08003fb8   0x00000036   Code   RO         1218    .text.QSPI_DMAAbortCplt  stm32h7xx_hal_qspi.o
    0x08003fee   0x08003fee   0x00000002   PAD
    0x08003ff0   0x08003ff0   0x00000022   Code   RO         1240    .text.QSPI_DMAError  stm32h7xx_hal_qspi.o
    0x08004012   0x08004012   0x00000006   PAD
    0x08004018   0x08004018   0x00000012   Code   RO         1238    .text.QSPI_DMATxCplt  stm32h7xx_hal_qspi.o
    0x0800402a   0x0800402a   0x00000006   PAD
    0x08004030   0x08004030   0x000000c0   Code   RO         1289    .text.QSPI_GPIOInit  qspi.o
    0x080040f0   0x080040f0   0x0000011c   Code   RO         1291    .text.QSPI_Init     qspi.o
    0x0800420c   0x0800420c   0x00000004   PAD
    0x08004210   0x08004210   0x0000006a   Code   RO         1196    .text.QSPI_WaitFlagStateUntilTimeout  stm32h7xx_hal_qspi.o
    0x0800427a   0x0800427a   0x00000006   PAD
    0x08004280   0x08004280   0x00000010   Code   RO           79    .text.QUADSPI_IRQHandler  stm32h7xx_it.o
    0x08004290   0x08004290   0x0000011e   Code   RO          406    .text.RCCEx_PLL2_Config  stm32h7xx_hal_rcc_ex.o
    0x080043ae   0x080043ae   0x00000002   PAD
    0x080043b0   0x080043b0   0x0000011e   Code   RO          408    .text.RCCEx_PLL3_Config  stm32h7xx_hal_rcc_ex.o
    0x080044ce   0x080044ce   0x00000002   PAD
    0x080044d0   0x080044d0   0x00000002   Code   RO           69    .text.SVC_Handler   stm32h7xx_it.o
    0x080044d2   0x080044d2   0x00000006   PAD
    0x080044d8   0x080044d8   0x0000002e   Code   RO          124    .text.SysTick_Config  stm32h7xx_hal_cortex.o
    0x08004506   0x08004506   0x00000002   PAD
    0x08004508   0x08004508   0x00000008   Code   RO           75    .text.SysTick_Handler  stm32h7xx_it.o
    0x08004510   0x08004510   0x000000e8   Code   RO           17    .text.SystemClock_Config  main.o
    0x080045f8   0x080045f8   0x000000cc   Code   RO         1274    .text.SystemInit    system_stm32h7xx.o
    0x080046c4   0x080046c4   0x00000004   PAD
    0x080046c8   0x080046c8   0x00000054   Code   RO          343    .text.UARTEx_SetNbDataToProcess  stm32h7xx_hal_uart_ex.o
    0x0800471c   0x0800471c   0x00000004   PAD
    0x08004720   0x08004720   0x000000e0   Code   RO          180    .text.UART_AdvFeatureConfig  stm32h7xx_hal_uart.o
    0x08004800   0x08004800   0x000000b8   Code   RO          182    .text.UART_CheckIdleState  stm32h7xx_hal_uart.o
    0x080048b8   0x080048b8   0x00000014   Code   RO          264    .text.UART_DMAAbortOnError  stm32h7xx_hal_uart.o
    0x080048cc   0x080048cc   0x00000004   PAD
    0x080048d0   0x080048d0   0x0000005a   Code   RO          234    .text.UART_EndRxTransfer  stm32h7xx_hal_uart.o
    0x0800492a   0x0800492a   0x00000006   PAD
    0x08004930   0x08004930   0x00000028   Code   RO          270    .text.UART_EndTransmit_IT  stm32h7xx_hal_uart.o
    0x08004958   0x08004958   0x00000582   Code   RO          178    .text.UART_SetConfig  stm32h7xx_hal_uart.o
    0x08004eda   0x08004eda   0x00000006   PAD
    0x08004ee0   0x08004ee0   0x000000ba   Code   RO          196    .text.UART_WaitOnFlagUntilTimeout  stm32h7xx_hal_uart.o
    0x08004f9a   0x08004f9a   0x00000006   PAD
    0x08004fa0   0x08004fa0   0x00000010   Code   RO           77    .text.USART1_IRQHandler  stm32h7xx_it.o
    0x08004fb0   0x08004fb0   0x00000002   Code   RO           67    .text.UsageFault_Handler  stm32h7xx_it.o
    0x08004fb2   0x08004fb2   0x00000006   PAD
    0x08004fb8   0x08004fb8   0x00000020   Code   RO          112    .text.__NVIC_EnableIRQ  stm32h7xx_hal_cortex.o
    0x08004fd8   0x08004fd8   0x00000010   Code   RO          104    .text.__NVIC_GetPriorityGrouping  stm32h7xx_hal_cortex.o
    0x08004fe8   0x08004fe8   0x00000022   Code   RO          106    .text.__NVIC_SetPriority  stm32h7xx_hal_cortex.o
    0x0800500a   0x0800500a   0x00000006   PAD
    0x08005010   0x08005010   0x00000020   Code   RO          100    .text.__NVIC_SetPriorityGrouping  stm32h7xx_hal_cortex.o
    0x08005030   0x08005030   0x0000001e   Code   RO           41    .text.fputc         usart.o
    0x0800504e   0x0800504e   0x00000002   PAD
    0x08005050   0x08005050   0x00000380   Code   RO           13    .text.main          main.o
    0x080053d0   0x080053d0   0x00000010   Code   RO         1379    i.__0printf$bare    mc_w.l(printfb.o)
    0x080053e0   0x080053e0   0x0000000e   Code   RO         1677    i.__scatterload_copy  mc_w.l(handlers.o)
    0x080053ee   0x080053ee   0x00000002   Code   RO         1678    i.__scatterload_null  mc_w.l(handlers.o)
    0x080053f0   0x080053f0   0x0000000e   Code   RO         1679    i.__scatterload_zeroinit  mc_w.l(handlers.o)
    0x080053fe   0x080053fe   0x00000022   Code   RO         1386    i._printf_core      mc_w.l(printfb.o)
    0x08005420   0x08005420   0x00000010   Data   RO         1280    .rodata.D1CorePrescTable  system_stm32h7xx.o
    0x08005430   0x08005430   0x00000018   Data   RO          314    .rodata.UARTPrescTable  stm32h7xx_hal_uart.o
    0x08005448   0x08005448   0x000005f0   Data   RO         1356    .rodata.ascii_1608  lcd.o
    0x08005a38   0x08005a38   0x000011d0   Data   RO         1357    .rodata.ascii_2412  lcd.o
    0x08006c08   0x08006c08   0x000017c0   Data   RO         1358    .rodata.ascii_3216  lcd.o
    0x080083c8   0x080083c8   0x00000010   Data   RO          359    .rodata.cst8        stm32h7xx_hal_uart_ex.o
    0x080083d8   0x080083d8   0x0000e100   Data   RO           21    .rodata.gImage_1    main.o
    0x080164d8   0x080164d8   0x00007800   Data   RO           22    .rodata.gImage_2    main.o
    0x0801dcd8   0x0801dcd8   0x00000020   Data   RO         1676    Region$$Table       anon$$obj.o


    Execution Region RW_IRAM1 (Exec base: 0x20000000, Load base: 0x0801dcf8, Size: 0x00000000, Max: 0x00020000, ABSOLUTE)

    **** No section assigned to this execution region ****


    Execution Region RW_IRAM2 (Exec base: 0x24000000, Load base: 0x0801dcf8, Size: 0x00055588, Max: 0x00080000, ABSOLUTE, COMPRESSED[0x00000ed0])

    Exec Addr    Load Addr    Size         Type   Attr      Idx    E Section Name        Object

    0x24000000   COMPRESSED   0x00052e20   Data   RW         1363    .ARM.__at_0x24000000  lcd.o
    0x24052e20   COMPRESSED   0x00001572   Data   RW         1319    .data.SPD2010_init_cmds  lcd_init.o
    0x24054392   COMPRESSED   0x00000002   PAD
    0x24054394   COMPRESSED   0x00000004   Data   RW         1278    .data.SystemCoreClock  system_stm32h7xx.o
    0x24054398   COMPRESSED   0x00000004   Data   RW         1279    .data.SystemD2Clock  system_stm32h7xx.o
    0x2405439c   COMPRESSED   0x00000001   Data   RW          964    .data.uwTickFreq    stm32h7xx_hal.o
    0x2405439d   COMPRESSED   0x00000003   PAD
    0x240543a0   COMPRESSED   0x00000004   Data   RW          963    .data.uwTickPrio    stm32h7xx_hal.o
    0x240543a4   COMPRESSED   0x00000004   PAD
    0x240543a8        -       0x00000038   Zero   RW         1294    .bss.QSPI_CmdInitStructure  qspi.o
    0x240543e0        -       0x0000004c   Zero   RW         1293    .bss.QSPI_Handler   qspi.o
    0x2405442c        -       0x00000054   Zero   RW           50    .bss.__stdout       usart.o
    0x24054480        -       0x0000006c   Zero   RW         1295    .bss.hmdma          qspi.o
    0x240544ec        -       0x00000094   Zero   RW           49    .bss.huart1         usart.o
    0x24054580        -       0x00000004   Zero   RW          965    .bss.uwTick         stm32h7xx_hal.o
    0x24054584   COMPRESSED   0x00000004   PAD
    0x24054588        -       0x00001000   Zero   RW            1    STACK               startup_stm32h750xx.o


==============================================================================

Image component sizes


      Code (inc. data)   RO Data    RW Data    ZI Data      Debug   Object Name

       122          0          0          0          0       2947   gpio.o
       608          4      12160     339488          0      11036   lcd.o
       468          0          0       5490          0       5188   lcd_init.o
      1346        128      88320          0          0       7039   main.o
       476          0          0          0        240       9698   qspi.o
        36          8        664          0       4096        844   startup_stm32h750xx.o
       294          0          0          5          4      14705   stm32h7xx_hal.o
       412          0          0          0          0      12311   stm32h7xx_hal_cortex.o
      2168          0          0          0          0      17675   stm32h7xx_hal_dma.o
       426          0          0          0          0       6887   stm32h7xx_hal_gpio.o
      1072          0          0          0          0      12716   stm32h7xx_hal_mdma.o
        32          0          0          0          0       2243   stm32h7xx_hal_msp.o
        72          0          0          0          0      10422   stm32h7xx_hal_pwr_ex.o
      2050          0          0          0          0      17042   stm32h7xx_hal_qspi.o
      2338         16          0          0          0      11387   stm32h7xx_hal_rcc.o
      3778        122          0          0          0      17409   stm32h7xx_hal_rcc_ex.o
      3456        382         24          0          0      35336   stm32h7xx_hal_uart.o
       292          0         16          0          0      10380   stm32h7xx_hal_uart_ex.o
        74          0          0          0          0       1335   stm32h7xx_it.o
       204          0         16          8          0       5903   system_stm32h7xx.o
       312          0          0          0        232      11706   usart.o

    ----------------------------------------------------------------------
     20452        660     101232     344996       4580     224209   Object Totals
         0          0         32          0          0          0   (incl. Generated)
       416          0          0          5          8          0   (incl. Padding)

    ----------------------------------------------------------------------

      Code (inc. data)   RO Data    RW Data    ZI Data      Debug   Library Member Name

        86          0          0          0          0          0   __dczerorl2.o
         0          0          0          0          0          0   entry.o
         0          0          0          0          0          0   entry10a.o
         0          0          0          0          0          0   entry11a.o
         8          4          0          0          0          0   entry2.o
         4          0          0          0          0          0   entry5.o
         0          0          0          0          0          0   entry7b.o
         0          0          0          0          0          0   entry8b.o
         8          4          0          0          0          0   entry9a.o
        30          0          0          0          0          0   handlers.o
        36          8          0          0          0         68   init.o
        30          0          0          0          0         68   llshl.o
        32          0          0          0          0         68   llushr.o
        36          0          0          0          0        108   memseta.o
        50          8          0          0          0        152   printfb.o
        98          0          0          0          0         92   uldiv.o

    ----------------------------------------------------------------------
       420         24          0          0          0        556   Library Totals
         2          0          0          0          0          0   (incl. Padding)

    ----------------------------------------------------------------------

      Code (inc. data)   RO Data    RW Data    ZI Data      Debug   Library Name

       418         24          0          0          0        556   mc_w.l

    ----------------------------------------------------------------------
       420         24          0          0          0        556   Library Totals

    ----------------------------------------------------------------------

==============================================================================


      Code (inc. data)   RO Data    RW Data    ZI Data      Debug   

     20872        684     101232     344996       4580     224537   Grand Totals
     20872        684     101232       3792       4580     224537   ELF Image Totals (compressed)
     20872        684     101232       3792          0          0   ROM Totals

==============================================================================

    Total RO  Size (Code + RO Data)               122104 ( 119.24kB)
    Total RW  Size (RW Data + ZI Data)            349576 ( 341.38kB)
    Total ROM Size (Code + RO Data + RW Data)     125896 ( 122.95kB)

==============================================================================

